[www.bismigroup.com/index.html]
[backblue.gif]
[fade.gif]
[index.html]
[www.bismigroup.com/Content/images/logo.png]
[maxcdn.bootstrapcdn.com/bootstrap/3.3.7/css/bootstrap.min.css]
[www.bismigroup.com/Content/css/owl.carousel.min.css]
[www.bismigroup.com/Content/css/main.css]
[www.bismigroup.com/Content/images/fav/apple-icon-57x57.png]
[www.bismigroup.com/Content/images/fav/apple-icon-60x60.png]
[www.bismigroup.com/Content/images/fav/apple-icon-72x72.png]
[www.bismigroup.com/Content/images/fav/apple-icon-76x76.png]
[www.bismigroup.com/Content/images/fav/apple-icon-114x114.png]
[www.bismigroup.com/Content/images/fav/apple-icon-120x120.png]
[www.bismigroup.com/Content/images/fav/apple-icon-144x144.png]
[www.bismigroup.com/Content/images/fav/apple-icon-152x152.png]
[www.bismigroup.com/Content/images/fav/apple-icon-180x180.png]
[www.bismigroup.com/Content/images/fav/android-icon-192x192.png]
[www.bismigroup.com/Content/images/fav/favicon-32x32.png]
[www.bismigroup.com/Content/images/fav/favicon-96x96.png]
[www.bismigroup.com/Content/images/fav/favicon-16x16.png]
[www.bismigroup.com/Content/images/fav/manifest.json]
[connect.facebook.net/en_US/sdk/xfbml.customerchat.js]
[www.bismigroup.com/Content/images/logo-white.png]
[www.bismigroup.com/about-us/index.html]
[www.bismigroup.com/bismideal/index.html]
[www.bismigroup.com/bismi-hypermarket/index.html]
[www.bismigroup.com/bismiconnect/index.html]
[www.bismigroup.com/manger-foods/index.html]
[www.bismigroup.com/Content/images/link-bismideal-thumb.jpg]
[www.bismigroup.com/blog/index.html]
[www.bismigroup.com/gallery/index.html]
[www.bismigroup.com/events/index.html]
[www.bismigroup.com/career/index.html]
[www.bismigroup.com/Content/images/link-appliances-thumb.jpg]
[www.bismigroup.com/branch/index.html]
[www.bismigroup.com/contact-us/index.html]
[www.bismigroup.com/Content/images/link-manjer-thumb.jpg]
[www.bismigroup.com/Content/images/link-hypermarket-thumb.jpg]
[www.bismigroup.com/Content/images/link-bismideal-main.jpg]
[www.bismigroup.com/Content/images/link-appliances-main.jpg]
[www.bismigroup.com/Content/images/link-manjer-main.jpg]
[www.bismigroup.com/Content/images/link-hypermarket-main.jpg]
[www.bismigroup.com/Content/images/ab-logo.png]
[www.bismigroup.com/Content/images/prd1.jpg]
[www.bismigroup.com/Content/images/prd2.jpg]
[www.bismigroup.com/Content/images/prd3.jpg]
[www.bismigroup.com/Content/images/prd4.jpg]
[www.bismigroup.com/Content/images/prd5.jpg]
[www.bismigroup.com/Content/images/prd6.jpg]
[www.bismigroup.com/Content/images/aabasoft.png]
[www.bismigroup.com/privacy/index.html]
[www.bismigroup.com/termsandconditions/index.html]
[ajax.googleapis.com/ajax/libs/jquery/1.12.4/jquery.min.js]
[cdnjs.cloudflare.com/ajax/libs/OwlCarousel2/2.3.3/owl.carousel.min.js]
[cdnjs.cloudflare.com/ajax/libs/gsap/1.20.3/TweenMax.min.js]
[www.bismigroup.com/Content/js/main.min.js]
[www.bismigroup.com/index.html]
[maxcdn.bootstrapcdn.com/bootstrap/3.3.7/css/bootstrap.min.css]
[www.bismigroup.com/Content/css/owl.carousel.min.css]
[www.bismigroup.com/Content/fonts/Quicksand-Light.ttf]
[www.bismigroup.com/Content/fonts/Quicksand-Regular.ttf]
[www.bismigroup.com/Content/fonts/Quicksand-Medium.ttf]
[www.bismigroup.com/Content/fonts/Quicksand-Bold.ttf]
[www.bismigroup.com/Content/images/icns/menu-icn.png]
[www.bismigroup.com/Content/images/icns/close-black.png]
[www.bismigroup.com/Content/images/icns/list-icns.png]
[www.bismigroup.com/Content/images/mnu-overlay.png]
[www.bismigroup.com/Content/images/icns/close-white.png]
[www.bismigroup.com/Content/images/banner-bg.jpg]
[www.bismigroup.com/Content/images/overlay-trans.png]
[www.bismigroup.com/Content/images/welcome-img.jpg]
[www.bismigroup.com/Content/images/offer-bg.jpg]
[www.bismigroup.com/Content/images/offer-item-bg.png]
[www.bismigroup.com/Content/images/icns/right-arrow-blue.png]
[www.bismigroup.com/Content/images/icns/left-arrow-white.png]
[www.bismigroup.com/Content/images/icns/right-arrow-white.png]
[www.bismigroup.com/Content/images/concern-bg.jpg]
[www.bismigroup.com/Content/images/icns/right-arrow-green.png]
[www.bismigroup.com/Content/images/icns/fb-icn.png]
[www.bismigroup.com/Content/images/icns/pint-icn.png]
[www.bismigroup.com/Content/images/icns/twit-icn.png]
[www.bismigroup.com/Content/images/icns/you-icn.png]
[www.bismigroup.com/Content/images/icns/gplus-icn.png]
[www.bismigroup.com/Content/images/icns/fb-icn-hover.png]
[www.bismigroup.com/Content/images/icns/pint-icn-hover.png]
[www.bismigroup.com/Content/images/icns/twit-icn-hover.png]
[www.bismigroup.com/Content/images/icns/you-icn-hover.png]
[www.bismigroup.com/Content/images/icns/gplus-icn-hover.png]
[www.bismigroup.com/Content/images/hypermarket-bg-overlay.jpg]
[www.bismigroup.com/Content/images/hyperimg.png]
[www.bismigroup.com/Content/images/hypermarket-sec2-bg.jpg]
[www.bismigroup.com/Content/images/icns/speedcart-icn.png]
[www.bismigroup.com/Content/images/deal-sec1-bg.png]
[www.bismigroup.com/Content/images/icns/round-gray-arrow-left.png]
[www.bismigroup.com/Content/images/icns/round-gray-arrow-right.png]
[www.bismigroup.com/Content/images/limited-offer-bg.png]
[www.bismigroup.com/Content/images/icns/arrow-right-black-icn.png]
[www.bismigroup.com/Content/images/connect-last-sec-bg.jpg]
[www.bismigroup.com/Content/images/icns/quotes-green-icn.png]
[www.bismigroup.com/Content/images/icns/date-sml-icn-.png]
[www.bismigroup.com/Content/images/watsapp-share-icn.png]
[www.bismigroup.com/Content/images/fb-share-icn.png]
[www.bismigroup.com/Content/images/twitter-share-icn.png]
[www.bismigroup.com/Content/images/pint-share-icn.png]
[www.bismigroup.com/Content/images/icns/address-icn.png]
[www.bismigroup.com/Content/images/icns/date-icn.png]
[www.bismigroup.com/Content/images/icns/contact-icn.png]
[www.bismigroup.com/Content/images/gal-view-icn.jpg]
[www.bismigroup.com/Content/images/career-bg.jpg]
[www.bismigroup.com/Content/images/icns/nav-arrow-left-blk.png]
[www.bismigroup.com/Content/images/icns/nav-arrow-right-blk.png]
[www.bismigroup.com/Content/images/icns/plus-icn-white.png]
[www.bismigroup.com/Content/images/icns/app-icn.png]
[www.bismigroup.com/Content/images/icns/hyp-icn.png]
[www.bismigroup.com/Content/images/icns/placeholder-white.png]
[www.bismigroup.com/Content/images/icns/phone-green-icn.png]
[www.bismigroup.com/Content/images/icns/mail-green-icn.png]
[www.bismigroup.com/Content/images/reachus-bg.png]
[www.bismigroup.com/Content/images/terms-bg.png]
[www.bismigroup.com/Content/images/offer-star.png]
[www.bismigroup.com/Content/images/blog-banner.jpg]
[www.bismigroup.com/Content/images/icns/left-arrow-blk.png]
[www.bismigroup.com/Content/images/icns/left-arrow-green.png]
[www.bismigroup.com/Content/images/icns/right-arrow-blk.png]
[www.bismigroup.com/Content/images/k_plus.png]
[www.bismigroup.com/Content/css/main.css]
[www.bismigroup.com/ms-icon-144x144.html]
[www.bismigroup.com/PageNotFound.html]
[connect.facebook.net/en_US/sdk/xfbml.customerchat.js]
[www.bismigroup.com/Content/images/1984.png]
[www.bismigroup.com/Content/images/chairman.png]
[www.bismigroup.com/Content/images/2003.png]
[www.bismigroup.com/Content/images/managing-director.png]
[www.bismigroup.com/Content/images/ownproduct1.jpg]
[www.bismigroup.com/about-us/index.html]
[www.bismigroup.com/Content/images/bismi-deal-banner.jpg]
[www.bismigroup.com/Content/images/deal-sec1-img.png]
[www.bismigroup.com/Content/images/deal-sec1-mob.png]
[www.bismigroup.com/Content/images/deal-product-1.jpg]
[www.bismigroup.com/Content/images/deal-product-2.jpg]
[www.bismigroup.com/Content/images/deal-product-3.jpg]
[www.bismigroup.com/Content/images/deal-product-4.jpg]
[www.bismigroup.com/Content/images/deal-product-5.jpg]
[www.bismigroup.com/Content/images/poppers-offer.jpg]
[www.bismigroup.com/Content/images/offer-img.png]
[www.bismigroup.com/Content/images/deal-last-sec-img1.png]
[www.bismigroup.com/Content/images/deal-last-sec-img2.png]
[www.bismigroup.com/Content/images/deal-last-sec-img3.png]
[www.bismigroup.com/Content/images/deal-last-sec-img4.png]
[www.bismigroup.com/bismideal/index.html]
[www.bismigroup.com/Content/images/bismi-hypermarket-banner.jpg]
[www.bismigroup.com/Content/images/ring-center.png]
[www.bismigroup.com/Content/images/hyperimg-mob.png]
[www.bismigroup.com/Content/images/hyper1.png]
[www.bismigroup.com/Content/images/hyper2.png]
[www.bismigroup.com/Content/images/hyper3.png]
[www.bismigroup.com/Content/images/hyper4.png]
[www.bismigroup.com/Content/images/hyper5.png]
[www.bismigroup.com/Content/images/hyper6.png]
[www.bismigroup.com/Content/images/hyper7.png]
[www.bismigroup.com/Content/images/hyper8.png]
[www.bismigroup.com/Content/images/sister-appliances.jpg]
[www.bismigroup.com/bismi-hypermarket/index.html]
[www.bismigroup.com/Content/images/bismi-connect-banner.jpg]
[www.bismigroup.com/Content/images/connect-item-1.jpg]
[www.bismigroup.com/Content/images/connect-item-2.jpg]
[www.bismigroup.com/Content/images/connect-item-3.jpg]
[www.bismigroup.com/Content/images/connect-item-4.jpg]
[www.bismigroup.com/Content/images/connect-item-5.jpg]
[www.bismigroup.com/Content/images/connect-item-6.jpg]
[www.bismigroup.com/Content/images/connect-item-7.jpg]
[www.bismigroup.com/Content/images/commodities-itm-1.png]
[www.bismigroup.com/Content/images/commodities-itm-2.png]
[www.bismigroup.com/Content/images/commodities-itm-3.png]
[www.bismigroup.com/Content/images/commodities-itm-4.png]
[www.bismigroup.com/Content/images/commodities-itm-5.png]
[www.bismigroup.com/Content/images/commodities-itm-6.png]
[www.bismigroup.com/Content/images/commodities-itm-7.png]
[www.bismigroup.com/Content/images/commodities-itm-8.png]
[www.bismigroup.com/Content/images/commodities-itm-9.png]
[www.bismigroup.com/bismiconnect/index.html]
[www.bismigroup.com/Content/images/bismi-manjer-banner.jpg]
[www.bismigroup.com/Content/images/manjer-itm1.jpg]
[www.bismigroup.com/Content/images/manjer-itm2.jpg]
[www.bismigroup.com/Content/images/manjer-itm3.jpg]
[www.bismigroup.com/Content/images/manjer-itm4.jpg]
[www.bismigroup.com/manger-foods/index.html]
[www.bismigroup.com/Content/images/blog-about-pic.jpg]
[www.bismigroup.com/blog/index.html]
[cdnjs.cloudflare.com/ajax/libs/animate.css/3.2.3/animate.min.css]
[www.bismigroup.com/images/AlbumCover1016879img.jpg]
[www.bismigroup.com/gallery/index.html]
[cdnjs.cloudflare.com/ajax/libs/fancybox/3.3.5/jquery.fancybox.min.css]
[www.bismigroup.com/Content/PagedList.css]
[www.bismigroup.com/Content/images/testimonial-top-img.png]
[www.bismigroup.com/Content/images/testimonial-bottom-img.jpg]
[www.bismigroup.com/events/index.html]
[www.bismigroup.com/Content/images/career-bk.png]
[www.bismigroup.com/Scripts/jquery.validate.min.js]
[www.bismigroup.com/Scripts/jquery.validate.unobtrusive.min.js]
[www.bismigroup.com/career/index.html]
[www.bismigroup.com/Branch/BISMI-TRIPUNITHARA.html]
[www.bismigroup.com/images/page/ThumbImage408228.jpg]
[www.bismigroup.com/Branch/BISMI-KALAMASSERY.html]
[www.bismigroup.com/images/page/ThumbImage3720286.jpg]
[www.bismigroup.com/Branch/Bismi-Kadavanthara.html]
[www.bismigroup.com/images/page/ThumbImage381176.jpg]
[www.bismigroup.com/Branch/BISMI-Vyttila.html]
[www.bismigroup.com/images/page/ThumbImage3650270.jpg]
[www.bismigroup.com/Branch/BISMI-Muvattupuzha.html]
[www.bismigroup.com/images/page/ThumbImage3631399.jpg]
[www.bismigroup.com/Branch/BISMI-Perumbavoor.html]
[www.bismigroup.com/images/page/ThumbImage3442375.jpg]
[www.bismigroup.com/Branch/Bismi-Kollam.html]
[www.bismigroup.com/images/page/ThumbImage342461.jpg]
[www.bismigroup.com/Branch/BISMI-Kottayam.html]
[www.bismigroup.com/images/page/ThumbImage342260.jpg]
[www.bismigroup.com/Branch/BISMI-Thrissur.html]
[www.bismigroup.com/images/page/ThumbImage3326416.jpg]
[www.bismigroup.com/Branch/BISMI-Calicut.html]
[www.bismigroup.com/images/page/ThumbImage2450904.jpg]
[www.bismigroup.com/Branch/BISMI-Palakkad.html]
[www.bismigroup.com/images/page/ThumbImage333195.jpg]
[www.bismigroup.com/Branch/BISMI-Perinthalmanna.html]
[www.bismigroup.com/images/page/ThumbImage4741875.jpg]
[www.bismigroup.com/Branch/BISMI-Palarivattom-.html]
[www.bismigroup.com/images/page/ThumbImage3242864.jpg]
[www.bismigroup.com/Branch/Bismi-Thiruvalla.html]
[www.bismigroup.com/images/page/ThumbImage329479.jpg]
[www.bismigroup.com/Branch/Bismi-Connect-Pathanamthitta.html]
[www.bismigroup.com/images/page/ThumbImage3144638.jpg]
[www.bismigroup.com/Branch/Bismi-Hypermart-Kalamssery.html]
[www.bismigroup.com/images/page/ThumbImage2747411.jpg]
[www.bismigroup.com/Branch/Bismi-Manjeri.html]
[www.bismigroup.com/images/page/ThumbImage3255820.jpg]
[www.bismigroup.com/images/page/ThumbImage3246306.jpg]
[www.bismigroup.com/Branch/Bismi-Angamaly.html]
[www.bismigroup.com/images/page/ThumbImage4116194.jpg]
[www.bismigroup.com/Branch/BISMI-THALAYOLAPARAMBU.html]
[www.bismigroup.com/images/page/ThumbImage4622628.jpg]
[www.bismigroup.com/Branch/BISMI-MULANTHURUTHY.html]
[www.bismigroup.com/images/page/ThumbImage5253732.jpg]
[www.bismigroup.com/Branch/BISMI-Vengara.html]
[www.bismigroup.com/images/page/ThumbImage4517509.jpg]
[www.bismigroup.com/Branch/Bismi-Kunnamkulam.html]
[www.bismigroup.com/images/page/ThumbImage4854388.jpg]
[www.bismigroup.com/branch/index.html]
[www.bismigroup.com/contact-us/index.html]
[www.bismigroup.com/privacy/index.html]
[www.bismigroup.com/termsandconditions/index.html]
[www.bismigroup.com/Content/css/owl.video.play.html]
[www.bismigroup.com/chrome-extension_/index.html]
[www.bismigroup.com/^([^_/indexd41d.html]
[www.bismigroup.com/restserver.html]
[www.bismigroup.com/ABCDEFGHIJKLMNOPQRSTUVWXYZabcdefghijklmnopqrstuvwxyz0123456789+/index.html]
[www.bismigroup.com/PageNotFound.html]
[www.bismigroup.com/dialog/index.html]
[cdnjs.cloudflare.com/ajax/libs/animate.css/3.2.3/animate.min.css]
[cdnjs.cloudflare.com/ajax/libs/fancybox/3.3.5/jquery.fancybox.min.css]
[www.bismigroup.com/Content/PagedList.css]
[www.bismigroup.com/images/page/Image408228.jpg]
[www.bismigroup.com/Branch/BISMI-TRIPUNITHARA.html]
[www.bismigroup.com/images/page/Image3720286.jpg]
[www.bismigroup.com/images/page/Image215255.jpg]
[www.bismigroup.com/Branch/BISMI-KALAMASSERY.html]
[www.bismigroup.com/images/page/Image381176.jpg]
[www.bismigroup.com/images/page/Image1712408.jpg]
[www.bismigroup.com/Branch/Bismi-Kadavanthara.html]
[www.bismigroup.com/images/page/Image3650270.jpg]
[www.bismigroup.com/images/page/Image3753187.jpg]
[www.bismigroup.com/Branch/BISMI-Vyttila.html]
[www.bismigroup.com/images/page/Image3631399.jpg]
[www.bismigroup.com/images/page/Image4136583.jpg]
[www.bismigroup.com/Branch/BISMI-Muvattupuzha.html]
[www.bismigroup.com/images/page/Image3442375.jpg]
[www.bismigroup.com/images/page/Image489747.jpg]
[www.bismigroup.com/Branch/BISMI-Perumbavoor.html]
[www.bismigroup.com/images/page/Image342461.jpg]
[www.bismigroup.com/images/page/Image5124173.jpg]
[www.bismigroup.com/Branch/Bismi-Kollam.html]
[www.bismigroup.com/images/page/Image342260.jpg]
[www.bismigroup.com/images/page/Image5338536.jpg]
[www.bismigroup.com/Branch/BISMI-Kottayam.html]
[www.bismigroup.com/images/page/Image3326416.jpg]
[www.bismigroup.com/images/page/Image563451.jpg]
[www.bismigroup.com/Branch/BISMI-Thrissur.html]
[www.bismigroup.com/images/page/Image2450904.jpg]
[www.bismigroup.com/images/page/Image029216.jpg]
[www.bismigroup.com/Branch/BISMI-Calicut.html]
[www.bismigroup.com/images/page/Image333195.jpg]
[www.bismigroup.com/images/page/Image435314.jpg]
[www.bismigroup.com/Branch/BISMI-Palakkad.html]
[www.bismigroup.com/images/page/Image4741875.jpg]
[www.bismigroup.com/images/page/Image656712.jpg]
[www.bismigroup.com/Branch/BISMI-Perinthalmanna.html]
[www.bismigroup.com/images/page/Image3242864.jpg]
[www.bismigroup.com/images/page/Image1256731.jpg]
[www.bismigroup.com/Branch/BISMI-Palarivattom-.html]
[www.bismigroup.com/images/page/Image329479.jpg]
[www.bismigroup.com/images/page/Image2046592.jpg]
[www.bismigroup.com/Branch/Bismi-Thiruvalla.html]
[www.bismigroup.com/images/page/Image3144638.jpg]
[www.bismigroup.com/images/page/Image5819431.jpg]
[www.bismigroup.com/Branch/Bismi-Connect-Pathanamthitta.html]
[www.bismigroup.com/images/page/Image2747411.jpg]
[www.bismigroup.com/Branch/Bismi-Hypermart-Kalamssery.html]
[www.bismigroup.com/images/page/Image3255820.jpg]
[www.bismigroup.com/Branch/Bismi-Manjeri.html]
[www.bismigroup.com/images/page/Image4116194.jpg]
[www.bismigroup.com/Branch/Bismi-Angamaly.html]
[www.bismigroup.com/images/page/Image4622628.jpg]
[www.bismigroup.com/Branch/BISMI-THALAYOLAPARAMBU.html]
[www.bismigroup.com/images/page/Image5253732.jpg]
[www.bismigroup.com/Branch/BISMI-MULANTHURUTHY.html]
[www.bismigroup.com/images/page/Image4517509.jpg]
[www.bismigroup.com/Branch/BISMI-Vengara.html]
[www.bismigroup.com/images/page/Image4854388.jpg]
[www.bismigroup.com/Branch/Bismi-Kunnamkulam.html]
