[www.abadhotels.com/index.html]
[d79k57b9f2p6h.cloudfront.net/fontawesome/5.12.0/css/all.min.css]
[d79k57b9f2p6h.cloudfront.net/fontawesome/5.12.0/css/v4-shims.min.css]
[d79k57b9f2p6h.cloudfront.net/animation/animate.css]
[cdn.simplotel.com/static-sites/production/live/6C6B43974298C789/css/simp.min.d16036c7f5f704c2d8c8fe9912cf3204.css]
[backblue.gif]
[fade.gif]
[index.html]
[cdn.simplotel.com/static-sites/production/live/6C6B43974298C789/css/custom-plugins.7dac85f48fd41c32fa2cf3abda8d1abe.css]
[www.google-analytics.com/analytics.js]
[www.abadhotels.com/holiday-packages.html]
[www.abadhotels.com/kerala-houseboats/index.html]
[www.abadhotels.com/m/index.html]
[www.abadhotels.com/ayurveda/ayurveda.html]
[www.abadhotels.com/fort-kochi-hotel-dutch-bungalow/index.html]
[www.abadhotels.com/pepperroute/index.html]
[www.abadhotels.com/abadmetro/index.html]
[www.abadhotels.com/membership/abad-privilege-club-card.html]
[www.abadhotels.com/hotel-in-mg-road-kochi/index.html]
[www.abadhotels.com/hotel-in-kochi/index.html]
[www.abadhotels.com/hotelabad/index.html]
[www.abadhotels.com/kovalam-guest-house/index.html]
[www.abadhotels.com/hotels-in-kovalam/index.html]
[www.abadhotels.com/marari-beach-resorts/index.html]
[www.abadhotels.com/meetings-events/meetings-events.html]
[www.abadhotels.com/contact-us/contact-us.html]
[www.abadhotels.com/dining/dining.html]
[www.abadhotels.com/resorts-in-munnar/index.html]
[www.abadhotels.com/about-us/about-us.html]
[www.abadhotels.com/blogs/5-best-ways-to-spend-your-time-during-this-pandemic.html]
[www.abadhotels.com/destinations.html]
[www.abadhotels.com/luxury-resort-in-kumarakom/index.html]
[www.abadhotels.com/holiday-packages/hills-and-backwaters.html]
[www.abadhotels.com/holiday-packages/enchanting-kerala.html]
[www.abadhotels.com/holiday-packages/amazing-kerala.html]
[www.abadhotels.com/resorts-in-thekkady/index.html]
[www.abadhotels.com/holiday-packages/best-of-abad.html]
[www.abadhotels.com/holiday-packages/honeymoon-packages.html]
[www.abadhotels.com/resorts-in-wayanad/index.html]
[www.abadhotels.com/privacy.html]
[www.abadhotels.com/covid-protocols.html]
[www.abadhotels.com/sitemap.html]
[bookings.abadhotels.com/static/xdomain_cookie.min.js]
[cdnjs.cloudflare.com/ajax/libs/jssor-slider/27.5.0/jssor.slider.min.js]
[cdn.simplotel.com/static-sites/production/live/6C6B43974298C789/js/1-simp-lib.min.a667bbae72e893d810303141fe1e54ce.js]
[cdn.simplotel.com/static-sites/production/live/6C6B43974298C789/js/2-simp-lib.min.0c02485d45a41fb50e3eef858e0cd851.js]
[cdn.simplotel.com/static-sites/production/live/6C6B43974298C789/js/3-simp-lib.min.722c5ccf5e4f73991fd77ae5522ef261.js]
[cdn.simplotel.com/static-sites/production/live/6C6B43974298C789/js/4-simp-lib.min.1f50b10186441f70ba052e86e67bd3c5.js]
[cdn.simplotel.com/static-sites/production/live/6C6B43974298C789/js/5-simp-lib.min.7acc04ab6d21ca01d56a29bcc960cdb5.js]
[cdn.simplotel.com/static-sites/production/live/6C6B43974298C789/js/bookingengine.min.cc7d7fe7206c7c9ec061cb440d15766a.js]
[cdnjs.cloudflare.com/ajax/libs/jQuery-viewport-checker/1.8.8/jquery.viewportchecker.min.js]
[www.abadhotels.com/js/sm-bookingengine.js]
[cdnjs.cloudflare.com/ajax/libs/list.js/1.5.0/list.min.js]
[www.abadhotels.com/js/lib/tp.js]
[www.abadhotels.com/index.html]
[d79k57b9f2p6h.cloudfront.net/fontawesome/5.12.0/css/all.min.css]
[d79k57b9f2p6h.cloudfront.net/fontawesome/5.12.0/css/v4-shims.min.css]
[d79k57b9f2p6h.cloudfront.net/animation/animate.css]
[cdn.simplotel.com/static-sites/production/live/6C6B43974298C789/css/simp.min.d16036c7f5f704c2d8c8fe9912cf3204.css]
[cdn.simplotel.com/static-sites/production/live/6C6B43974298C789/css/custom-plugins.7dac85f48fd41c32fa2cf3abda8d1abe.css]
[cwc.livserv.in/chata0db.js]
[cdn.simplotel.com/static-sites/production/live/6C6B43974298C789/m/css/simp.min.76e786576763bb210340c0871110584a.css]
[cdn.simplotel.com/static-sites/production/live/6C6B43974298C789/m/css/custom-plugins.192b8db2a129f4e3934403c27261d49a.css]
[www.abadhotels.com/m/kerala-houseboats/index.html]
[www.abadhotels.com/m/fort-kochi-hotel-dutch-bungalow/index.html]
[www.abadhotels.com/m/pepperroute/index.html]
[www.abadhotels.com/m/abadmetro/index.html]
[www.abadhotels.com/m/hotel-in-mg-road-kochi/index.html]
[www.abadhotels.com/m/hotel-in-kochi/index.html]
[www.abadhotels.com/m/hotelabad/index.html]
[www.abadhotels.com/m/kovalam-guest-house/index.html]
[www.abadhotels.com/m/hotels-in-kovalam/index.html]
[www.abadhotels.com/m/marari-beach-resorts/index.html]
[www.abadhotels.com/m/resorts-in-munnar/index.html]
[www.abadhotels.com/m/luxury-resort-in-kumarakom/index.html]
[www.abadhotels.com/m/resorts-in-thekkady/index.html]
[www.abadhotels.com/m/resorts-in-wayanad/index.html]
[www.abadhotels.com/m/holiday-packages.html]
[www.abadhotels.com/m/plantation-resorts-in-wayanad/index.html]
[www.abadhotels.com/m/holiday-packages/hills-and-backwaters.html]
[www.abadhotels.com/m/holiday-packages/enchanting-kerala.html]
[www.abadhotels.com/m/holiday-packages/amazing-kerala.html]
[www.abadhotels.com/m/holiday-packages/best-of-abad.html]
[www.abadhotels.com/m/holiday-packages/honeymoon-packages.html]
[www.abadhotels.com/m/ayurveda/ayurveda.html]
[www.abadhotels.com/m/ayurveda/certificates.html]
[www.abadhotels.com/m/membership/abad-privilege-club-card.html]
[www.abadhotels.com/m/meetings-events/meetings-events.html]
[www.abadhotels.com/m/meetings-events/outdoor-catering.html]
[www.abadhotels.com/m/contact-us/contact-us.html]
[www.abadhotels.com/m/contact-us/feedback.html]
[www.abadhotels.com/m/contact-us/careers.html]
[www.abadhotels.com/m/dining/dining.html]
[www.abadhotels.com/m/about-us/about-us.html]
[www.abadhotels.com/m/blogs/5-best-ways-to-spend-your-time-during-this-pandemic.html]
[www.abadhotels.com/m/blogs/best-places-to-visit-within-kerala-this-summer.html]
[www.abadhotels.com/m/blogs/the-best-kerala-holiday-packages.html]
[www.abadhotels.com/m/blogs/couples-guide-to-kerala.html]
[www.abadhotels.com/m/privacy.html]
[www.abadhotels.com/m/destinations.html]
[www.abadhotels.com/m/destinations/kochi.html]
[www.abadhotels.com/m/destinations/wayanad.html]
[www.abadhotels.com/m/destinations/kovalam.html]
[www.abadhotels.com/m/destinations/munnar.html]
[www.abadhotels.com/m/destinations/alleppey.html]
[www.abadhotels.com/m/destinations/mararikulam.html]
[www.abadhotels.com/m/destinations/thekkady.html]
[www.abadhotels.com/m/destinations/kumarakom.html]
[www.abadhotels.com/m/covid-protocols.html]
[cdn.simplotel.com/static-sites/production/live/6C6B43974298C789/m/js/1-simp-lib.min.700b99655f67c17ccbccd246e3ae7f5f.js]
[cdn.simplotel.com/static-sites/production/live/6C6B43974298C789/m/js/2-simp-lib.min.9479c2d02f59285297cf28791ea3ba22.js]
[cdn.simplotel.com/static-sites/production/live/6C6B43974298C789/m/js/3-simp-lib.min.e9462ce2d966be1dd3bc6f9742fed572.js]
[cdn.simplotel.com/static-sites/production/live/6C6B43974298C789/m/js/4-simp-lib.min.72b3b88cc4d4f1e16b1a98165f75082a.js]
[cdn.simplotel.com/static-sites/production/live/6C6B43974298C789/m/js/5-simp-lib.min.157a92ee4e3af4df76e4d4bb453c26c5.js]
[cdn.simplotel.com/static-sites/production/live/6C6B43974298C789/m/js/bookingengine.min.c53b4735d1fefed2c9e495f35269c73c.js]
[www.abadhotels.com/m/js/mobile-sm-bookingengine.js]
[www.abadhotels.com/m/index.html]
[cdn.simplotel.com/static-sites/production/live/6C6B43974298C789/css/simp.min.2bc3c7056145e0a1c02f120623628eda.css]
[cdn.simplotel.com/static-sites/production/live/6C6B43974298C789/css/custom-plugins.1b4b25dd4e6ae4ff65fee86773211708.css]
[www.abadhotels.com/kerala-houseboats/rooms.html]
[www.abadhotels.com/kerala-houseboats/facilities/facilities.html]
[www.abadhotels.com/kerala-houseboats/places-of-interest.html]
[www.abadhotels.com/kerala-houseboats/gallery.html]
[www.abadhotels.com/kerala-houseboats/rooms/abad-premium-houseboat.html]
[www.abadhotels.com/kerala-houseboats/rooms/abad-2-bedroom-premium-houseboat.html]
[cdn.simplotel.com/static-sites/production/live/6C6B43974298C789/js/1-simp-lib.min.1572acb992c27ca14a81a9941216cb32.js]
[cdn.simplotel.com/static-sites/production/live/6C6B43974298C789/js/2-simp-lib.min.0acd5a7881737aa69f314d1edc0abf7d.js]
[cdn.simplotel.com/static-sites/production/live/6C6B43974298C789/js/3-simp-lib.min.0c5603c223143e8cdab9844ff3fbd13d.js]
[cdn.simplotel.com/static-sites/production/live/6C6B43974298C789/js/4-simp-lib.min.cd99258cdbecf967ef7fb1563d0ad693.js]
[cdn.simplotel.com/static-sites/production/live/6C6B43974298C789/js/5-simp-lib.min.0e69cfcf6d9e14b7a6b4e9e4b074c1f1.js]
[cdn.simplotel.com/static-sites/production/live/6C6B43974298C789/js/bookingengine.min.5d901d1817bcb6a443ab0bfaf06c6836.js]
[www.abadhotels.com/kerala-houseboats/index.html]
[www.abadhotels.com/fort-kochi-hotel-dutch-bungalow/rooms.html]
[www.abadhotels.com/fort-kochi-hotel-dutch-bungalow/dining/food-mill-restaurant.html]
[www.abadhotels.com/fort-kochi-hotel-dutch-bungalow/facilities/facilities.html]
[www.abadhotels.com/fort-kochi-hotel-dutch-bungalow/contact-us/contact-us.html]
[www.abadhotels.com/fort-kochi-hotel-dutch-bungalow/gallery.html]
[www.abadhotels.com/fort-kochi-hotel-dutch-bungalow/places-of-interest.html]
[www.abadhotels.com/fort-kochi-hotel-dutch-bungalow/experiences/experiences.html]
[www.abadhotels.com/fort-kochi-hotel-dutch-bungalow/rooms/heritage-classic.html]
[www.abadhotels.com/fort-kochi-hotel-dutch-bungalow/rooms/heritage-boutique.html]
[www.abadhotels.com/fort-kochi-hotel-dutch-bungalow/index.html]
[www.abadhotels.com/pepperroute/rooms/deluxe-room.html]
[www.abadhotels.com/pepperroute/facilities/facilities.html]
[www.abadhotels.com/pepperroute/places-of-interest.html]
[www.abadhotels.com/pepperroute/gallery.html]
[www.abadhotels.com/pepperroute/contact-us/contact-us.html]
[www.abadhotels.com/pepperroute/index.html]
[www.abadhotels.com/abadmetro/rooms.html]
[www.abadhotels.com/abadmetro/meetings-events/summit-banquet-hall.html]
[www.abadhotels.com/abadmetro/facilities/facilities.html]
[www.abadhotels.com/abadmetro/gallery.html]
[www.abadhotels.com/abadmetro/places-of-interest.html]
[www.abadhotels.com/abadmetro/contact-us/contact-us.html]
[www.abadhotels.com/abadmetro/rooms/standard-rooms.html]
[www.abadhotels.com/abadmetro/rooms/deluxe-room.html]
[www.abadhotels.com/abadmetro/rooms/suites.html]
[www.abadhotels.com/abadmetro/index.html]
[www.abadhotels.com/hotel-in-mg-road-kochi/rooms.html]
[www.abadhotels.com/hotel-in-mg-road-kochi/dining/cafe-royale.html]
[www.abadhotels.com/hotel-in-mg-road-kochi/meetings-events.html]
[www.abadhotels.com/hotel-in-mg-road-kochi/spa/revival-ayurveda-centre.html]
[www.abadhotels.com/hotel-in-mg-road-kochi/facilities/facilities.html]
[www.abadhotels.com/hotel-in-mg-road-kochi/gallery.html]
[www.abadhotels.com/hotel-in-mg-road-kochi/contact-us/contact-us.html]
[www.abadhotels.com/hotel-in-mg-road-kochi/places-of-interest.html]
[www.abadhotels.com/hotel-in-mg-road-kochi/rooms/superior-rooms.html]
[www.abadhotels.com/hotel-in-mg-road-kochi/rooms/suites.html]
[www.abadhotels.com/hotel-in-mg-road-kochi/meetings-events/the-event.html]
[www.abadhotels.com/hotel-in-mg-road-kochi/meetings-events/forum-banquet-hall.html]
[www.abadhotels.com/hotel-in-mg-road-kochi/index.html]
[www.abadhotels.com/hotel-in-kochi/rooms.html]
[www.abadhotels.com/hotel-in-kochi/dining.html]
[www.abadhotels.com/hotel-in-kochi/meetings-events.html]
[www.abadhotels.com/hotel-in-kochi/spa/revival-ayurveda-centre.html]
[www.abadhotels.com/hotel-in-kochi/facilities/facilities.html]
[www.abadhotels.com/hotel-in-kochi/gallery.html]
[www.abadhotels.com/hotel-in-kochi/places-of-interest.html]
[www.abadhotels.com/hotel-in-kochi/contact-us/contact-us.html]
[www.abadhotels.com/hotel-in-kochi/blogs/staycation-at-abad-plaza-in-kochi.html]
[www.abadhotels.com/hotel-in-kochi/rooms/superior-rooms.html]
[www.abadhotels.com/hotel-in-kochi/rooms/suites.html]
[www.abadhotels.com/hotel-in-kochi/dining/regency-restaurant.html]
[www.abadhotels.com/hotel-in-kochi/dining/kadaloram-restaurant.html]
[www.abadhotels.com/hotel-in-kochi/dining/canopy-cafe.html]
[www.abadhotels.com/hotel-in-kochi/dining/patisserie.html]
[www.abadhotels.com/hotel-in-kochi/index.html]
[cdn.simplotel.com/static-sites/production/live/6C6B43974298C789/css/simp.min.d44135560389ab719270232faeb20d15.css]
[cdn.simplotel.com/static-sites/production/live/6C6B43974298C789/css/custom-plugins.5de79f16ef9e361e1ad173ce6a7725f0.css]
[www.abadhotels.com/hotelabad/rooms.html]
[www.abadhotels.com/hotelabad/dining.html]
[www.abadhotels.com/hotelabad/meetings-events.html]
[www.abadhotels.com/hotelabad/facilities/facilities.html]
[www.abadhotels.com/hotelabad/places-of-interest.html]
[www.abadhotels.com/hotelabad/contact-us/contact-us.html]
[www.abadhotels.com/hotelabad/gallery.html]
[www.abadhotels.com/hotelabad/blogs.html]
[www.abadhotels.com/hotelabad/rooms/deluxe-ac-room.html]
[www.abadhotels.com/hotelabad/rooms/suites.html]
[www.abadhotels.com/hotelabad/dining/pavilion-restaurant.html]
[www.abadhotels.com/hotelabad/dining/cafe-mattancherry.html]
[www.abadhotels.com/hotelabad/meetings-events/banquet-hall.html]
[www.abadhotels.com/hotelabad/meetings-events/boardroom.html]
[cdn.simplotel.com/static-sites/production/live/6C6B43974298C789/js/1-simp-lib.min.309040b4da483ace6397a1d78ee03b14.js]
[cdn.simplotel.com/static-sites/production/live/6C6B43974298C789/js/2-simp-lib.min.a4803f3fb9d6aa2e3b0135dde91410b4.js]
[cdn.simplotel.com/static-sites/production/live/6C6B43974298C789/js/3-simp-lib.min.2fb2d3deda55762a48d45c8c5dfa7f08.js]
[cdn.simplotel.com/static-sites/production/live/6C6B43974298C789/js/4-simp-lib.min.0f9ec4b88f1b792cca6e01df9c37e475.js]
[cdn.simplotel.com/static-sites/production/live/6C6B43974298C789/js/5-simp-lib.min.b79f20b93534e077548c29c23e8cea63.js]
[www.abadhotels.com/hotelabad/index.html]
[cdn.simplotel.com/static-sites/production/live/6C6B43974298C789/js/bookingengine.min.63cc734f8b9ddbcff56ee389cf017113.js]
[www.abadhotels.com/kovalam-guest-house/rooms.html]
[www.abadhotels.com/kovalam-guest-house/facilities/facilities.html]
[www.abadhotels.com/kovalam-guest-house/gallery.html]
[www.abadhotels.com/kovalam-guest-house/places-of-interest.html]
[www.abadhotels.com/kovalam-guest-house/contact-us/contact-us.html]
[www.abadhotels.com/kovalam-guest-house/experiences/experiences.html]
[www.abadhotels.com/kovalam-guest-house/rooms/deluxe-room.html]
[www.abadhotels.com/kovalam-guest-house/rooms/superior-room.html]
[www.abadhotels.com/kovalam-guest-house/index.html]
[www.abadhotels.com/hotels-in-kovalam/rooms.html]
[www.abadhotels.com/hotels-in-kovalam/dining/multi-cuisine-restaurant.html]
[www.abadhotels.com/hotels-in-kovalam/meeting-and-events/banquet-hall.html]
[www.abadhotels.com/hotels-in-kovalam/facilities/facilities.html]
[www.abadhotels.com/hotels-in-kovalam/experiences/experiences.html]
[www.abadhotels.com/hotels-in-kovalam/spa/ayurveda-revival-centre.html]
[www.abadhotels.com/hotels-in-kovalam/gallery.html]
[www.abadhotels.com/hotels-in-kovalam/places-of-interest.html]
[www.abadhotels.com/hotels-in-kovalam/contact-us/contact-us.html]
[www.abadhotels.com/hotels-in-kovalam/rooms/superior-room.html]
[www.abadhotels.com/hotels-in-kovalam/rooms/cottage.html]
[www.abadhotels.com/hotels-in-kovalam/index.html]
[www.abadhotels.com/marari-beach-resorts/rooms/beach-cottage.html]
[www.abadhotels.com/marari-beach-resorts/dining/multi-cuisine-restaurant.html]
[www.abadhotels.com/marari-beach-resorts/meeting-and-events/banquet-hall.html]
[www.abadhotels.com/marari-beach-resorts/spa/revival-ayurveda-centre.html]
[www.abadhotels.com/marari-beach-resorts/facilities/facilities.html]
[www.abadhotels.com/marari-beach-resorts/gallery.html]
[www.abadhotels.com/marari-beach-resorts/places-of-interest.html]
[www.abadhotels.com/marari-beach-resorts/contact-us/contact-us.html]
[www.abadhotels.com/marari-beach-resorts/experiences/experiences.html]
[www.abadhotels.com/marari-beach-resorts/index.html]
[www.abadhotels.com/resorts-in-munnar/rooms/superior-room.html]
[www.abadhotels.com/resorts-in-munnar/dining/copper-castle-restaurant.html]
[www.abadhotels.com/resorts-in-munnar/meetings-events/copper-castle-banquet-hall.html]
[www.abadhotels.com/resorts-in-munnar/spa/revival-ayurveda-centre.html]
[www.abadhotels.com/resorts-in-munnar/facilities/facilities.html]
[www.abadhotels.com/resorts-in-munnar/gallery.html]
[www.abadhotels.com/resorts-in-munnar/places-of-interest.html]
[www.abadhotels.com/resorts-in-munnar/contact-us/contact-us.html]
[www.abadhotels.com/resorts-in-munnar/experiences/experiences-at-abad-copper-castle-munnar.html]
[www.abadhotels.com/resorts-in-munnar/blog.html]
[res.cloudinary.com/simplotel/image/upload/q_80,fl_progressive,w_1500,f_auto,c_fit/abad-copper-castle/abad-copper-castle-resort-munnar-lawn-area_zv1imx.jpg]
[www.abadhotels.com/resorts-in-munnar/index.html]
[www.abadhotels.com/luxury-resort-in-kumarakom/rooms.html]
[www.abadhotels.com/luxury-resort-in-kumarakom/dining/granary---multi-cuisine-restaurant.html]
[www.abadhotels.com/luxury-resort-in-kumarakom/meetings-events/vedhi-banquet-hall.html]
[www.abadhotels.com/luxury-resort-in-kumarakom/facilities/facilities.html]
[www.abadhotels.com/luxury-resort-in-kumarakom/spa/revival-ayurvedic-centre.html]
[www.abadhotels.com/luxury-resort-in-kumarakom/experiences/experiences.html]
[www.abadhotels.com/luxury-resort-in-kumarakom/gallery.html]
[www.abadhotels.com/luxury-resort-in-kumarakom/contact-us/contact-us.html]
[www.abadhotels.com/luxury-resort-in-kumarakom/places-of-interest.html]
[www.abadhotels.com/luxury-resort-in-kumarakom/blogs/make-memories-in-the-houseboats-in-kumarakom-backwater.html]
[www.abadhotels.com/luxury-resort-in-kumarakom/rooms/garden-view-cottage.html]
[www.abadhotels.com/luxury-resort-in-kumarakom/rooms/lake-facing-cottage.html]
[www.abadhotels.com/luxury-resort-in-kumarakom/rooms/bamboo-pool-villa.html]
[www.abadhotels.com/luxury-resort-in-kumarakom/index.html]
[www.abadhotels.com/resorts-in-thekkady/rooms.html]
[www.abadhotels.com/resorts-in-thekkady/dining/peppermint-restaurant.html]
[www.abadhotels.com/resorts-in-thekkady/spa/revival-ayurveda-centre.html]
[www.abadhotels.com/resorts-in-thekkady/facilities/facilities.html]
[www.abadhotels.com/resorts-in-thekkady/gallery.html]
[www.abadhotels.com/resorts-in-thekkady/contact-us/contact-us.html]
[www.abadhotels.com/resorts-in-thekkady/places-of-interest.html]
[www.abadhotels.com/resorts-in-thekkady/experiences/experiences.html]
[www.abadhotels.com/resorts-in-thekkady/blogs/things-to-do-in-thekkady.html]
[res.cloudinary.com/simplotel/image/upload/q_80,fl_progressive,w_1500,f_auto,c_fit/abad-green-forest-thekkady/Swimming_Pool_at_our_resort_in_Thekkady,_Abad_Green_Forest,_Thekkady-10.jpg]
[www.abadhotels.com/resorts-in-thekkady/rooms/jungle-rooms.html]
[www.abadhotels.com/resorts-in-thekkady/rooms/jungle-cottages.html]
[www.abadhotels.com/resorts-in-thekkady/index.html]
[cdn.simplotel.com/static-sites/production/live/6C6B43974298C789/css/simp.min.003a579c70d5488280b92e85c9f723e9.css]
[cdn.simplotel.com/static-sites/production/live/6C6B43974298C789/css/custom-plugins.fbc568a7e770b2923178dca1122bd1e9.css]
[www.abadhotels.com/resorts-in-wayanad/rooms.html]
[www.abadhotels.com/resorts-in-wayanad/dining/restaurant.html]
[www.abadhotels.com/resorts-in-wayanad/meeting-and-events/meeting-and-events.html]
[www.abadhotels.com/resorts-in-wayanad/gallery.html]
[www.abadhotels.com/resorts-in-wayanad/facilities/facilities.html]
[www.abadhotels.com/resorts-in-wayanad/places-of-interest.html]
[www.abadhotels.com/resorts-in-wayanad/contact-us/contact-us.html]
[www.abadhotels.com/resorts-in-wayanad/experiences/experiences.html]
[www.abadhotels.com/resorts-in-wayanad/rooms/garden-facing-cottages.html]
[www.abadhotels.com/resorts-in-wayanad/rooms/brookside-cottages.html]
[www.abadhotels.com/resorts-in-wayanad/blogs/things-to-do-in-wayanad.html]
[cdn.simplotel.com/static-sites/production/live/6C6B43974298C789/js/1-simp-lib.min.44982757361b62469dc357b50d2a3f2d.js]
[cdn.simplotel.com/static-sites/production/live/6C6B43974298C789/js/2-simp-lib.min.435ce86dbfc664887bc1dcd5e918bee5.js]
[cdn.simplotel.com/static-sites/production/live/6C6B43974298C789/js/3-simp-lib.min.78982fa3f947ca3e869170b4528db626.js]
[cdn.simplotel.com/static-sites/production/live/6C6B43974298C789/js/4-simp-lib.min.0bf7d91f3d844406055d045197597e68.js]
[cdn.simplotel.com/static-sites/production/live/6C6B43974298C789/js/5-simp-lib.min.7d84cc0c4d1f64633e926cbfd2d28236.js]
[cdn.simplotel.com/static-sites/production/live/6C6B43974298C789/js/bookingengine.min.ecdd273635f8bec8e40ea10f93af4b51.js]
[www.abadhotels.com/resorts-in-wayanad/index.html]
[www.abadhotels.com/plantation-resorts-in-wayanad/index.html]
[www.abadhotels.com/holiday-packages.html]
[www.abadhotels.com/ayurveda/certificates.html]
[www.abadhotels.com/ayurveda/ayurveda.html]
[www.google.com/recaptcha/apie96c.js]
[www.abadhotels.com/membership/abad-privilege-club-card.html]
[www.abadhotels.com/meetings-events/outdoor-catering.html]
[www.abadhotels.com/hotel-in-kochi/meetings-events/grand-ball-room.html]
[www.abadhotels.com/hotel-in-kochi/meetings-events/vantage-point.html]
[www.abadhotels.com/hotel-in-kochi/meetings-events/garden-court-1.html]
[www.abadhotels.com/hotel-in-kochi/meetings-events/garden-court--2.html]
[www.abadhotels.com/hotel-in-kochi/meetings-events/rendezvous.html]
[www.abadhotels.com/meetings-events/meetings-events.html]
[www.abadhotels.com/contact-us/feedback.html]
[www.abadhotels.com/contact-us/careers.html]
[www.abadhotels.com/contact-us/contact-us.html]
[www.abadhotels.com/dining/dining.html]
[www.abadhotels.com/about-us/about-us.html]
[www.abadhotels.com/blogs/best-places-to-visit-within-kerala-this-summer.html]
[www.abadhotels.com/blogs/the-best-kerala-holiday-packages.html]
[www.abadhotels.com/blogs/couples-guide-to-kerala.html]
[www.abadhotels.com/blogs/5-best-ways-to-spend-your-time-during-this-pandemic.html]
[www.abadhotels.com/destinations/kochi.html]
[www.abadhotels.com/destinations/wayanad.html]
[www.abadhotels.com/destinations/kovalam.html]
[www.abadhotels.com/destinations/munnar.html]
[www.abadhotels.com/destinations/alleppey.html]
[www.abadhotels.com/destinations/mararikulam.html]
[www.abadhotels.com/destinations/thekkady.html]
[www.abadhotels.com/destinations/kumarakom.html]
[www.abadhotels.com/destinations.html]
[www.abadhotels.com/holiday-packages/hills-and-backwaters.html]
[www.abadhotels.com/holiday-packages/enchanting-kerala.html]
[www.abadhotels.com/holiday-packages/amazing-kerala.html]
[www.abadhotels.com/holiday-packages/best-of-abad.html]
[www.abadhotels.com/holiday-packages/honeymoon-packages.html]
[www.abadhotels.com/css/images/tail-spin.svg]
[www.abadhotels.com/privacy.html]
[www.abadhotels.com/covid-protocols.html]
[www.abadhotels.com/pay-us/pay-us.html]
[www.abadhotels.com/hotelabad/rooms/deluxe-non-ac-room.html]
[www.abadhotels.com/hotelabad/blogs/explore-the-flavours-of-kerala.html]
[www.abadhotels.com/hotel-in-kochi/meetings-events/inner-circle.html]
[www.abadhotels.com/hotel-in-kochi/meetings-events/imperial.html]
[www.abadhotels.com/hotel-in-kochi/meetings-events/galleria-exhibition-hall.html]
[www.abadhotels.com/resorts-in-munnar/rooms/balcony-view-rooms.html]
[www.abadhotels.com/resorts-in-munnar/blog/the-beauty-that-is-munnar.html]
[www.abadhotels.com/resorts-in-munnar/blog/a-day-in-munnar.html]
[www.abadhotels.com/resorts-in-wayanad/rooms/private-pool-villa.html]
[www.abadhotels.com/kerala-houseboats/pay-us/pay-us.html]
[www.abadhotels.com/plantation-resorts-in-wayanad/rooms.html]
[www.abadhotels.com/plantation-resorts-in-wayanad/rooms/estate-heritage-bungalow.html]
[www.abadhotels.com/plantation-resorts-in-wayanad/rooms/estate-boutique-bungalow.html]
[www.abadhotels.com/plantation-resorts-in-wayanad/dining/multicuisine-restaurant.html]
[www.abadhotels.com/plantation-resorts-in-wayanad/facilities/facilities.html]
[www.abadhotels.com/plantation-resorts-in-wayanad/gallery.html]
[www.abadhotels.com/plantation-resorts-in-wayanad/places-of-interest.html]
[www.abadhotels.com/plantation-resorts-in-wayanad/contact-us/contact-us.html]
[www.abadhotels.com/sitemap.html]
[www.abadhotels.com/plantation-resorts-in-wayanad/experiences/experiences-at-parisons-plantation-experiences.html]
[cdn.simplotel.com/static-sites/production/live/6C6B43974298C789/m/css/images/ui-bg_flat_100_ffffff_40x100.png]
[cdn.simplotel.com/static-sites/production/live/6C6B43974298C789/m/css/images/ui-bg_highlight-soft_75_203c6b_1x100.png]
[cdn.simplotel.com/static-sites/production/live/6C6B43974298C789/m/css/images/ui-bg_glass_75_e6e6e6_1x400.png]
[cdn.simplotel.com/static-sites/production/live/6C6B43974298C789/m/css/images/ui-bg_flat_75_203c6b_40x100.png]
[cdn.simplotel.com/static-sites/production/live/6C6B43974298C789/m/css/images/ui-bg_flat_65_fa807d_40x100.png]
[cdn.simplotel.com/static-sites/production/live/6C6B43974298C789/m/css/images/ui-bg_glass_55_fbf9ee_1x400.png]
[cdn.simplotel.com/static-sites/production/live/6C6B43974298C789/m/css/images/ui-bg_glass_95_fef1ec_1x400.png]
[cdn.simplotel.com/static-sites/production/live/6C6B43974298C789/m/css/images/ui-icons_222222_256x240.png]
[cdn.simplotel.com/static-sites/production/live/6C6B43974298C789/m/css/images/ui-icons_888888_256x240.png]
[cdn.simplotel.com/static-sites/production/live/6C6B43974298C789/m/css/images/ui-icons_454545_256x240.png]
[cdn.simplotel.com/static-sites/production/live/6C6B43974298C789/m/css/images/ui-icons_2e83ff_256x240.png]
[cdn.simplotel.com/static-sites/production/live/6C6B43974298C789/m/css/images/ui-icons_cd0a0a_256x240.png]
[cdn.simplotel.com/static-sites/production/live/6C6B43974298C789/m/css/images/ui-bg_flat_0_aaaaaa_40x100.png]
[cdn.simplotel.com/static-sites/production/live/6C6B43974298C789/m/css/images/blank.gif]
[cdn.simplotel.com/static-sites/production/live/6C6B43974298C789/m/css/images/camera-loader.gif]
[cdn.simplotel.com/static-sites/production/live/6C6B43974298C789/m/css/images/camera_skins.png]
[cdn.simplotel.com/static-sites/production/live/6C6B43974298C789/m/css/images/bg-datepicker.png]
[cdn.simplotel.com/static-sites/production/live/6C6B43974298C789/m/css/images/Drop_Down_Arrow_Grey.png]
[res.cloudinary.com/simplotel/image/upload/v1498564906/close-icon-mobile_s70kwf.png]
[cdn.simplotel.com/static-sites/production/live/6C6B43974298C789/m/css/simp.min.76e786576763bb210340c0871110584a.css]
[cdn.simplotel.com/static-sites/production/live/6C6B43974298C789/m/css/custom-plugins.192b8db2a129f4e3934403c27261d49a.css]
[cdn.simplotel.com/static-sites/production/live/6C6B43974298C789/m/css/simp.min.f66fdbf331442c20df81bf791fa0efdf.css]
[cdn.simplotel.com/static-sites/production/live/6C6B43974298C789/m/css/custom-plugins.0d1dc5e2dbfe4dcda27bac1c44f7c74f.css]
[www.abadhotels.com/m/kerala-houseboats/rooms.html]
[www.abadhotels.com/m/kerala-houseboats/rooms/abad-premium-houseboat.html]
[www.abadhotels.com/m/kerala-houseboats/rooms/abad-2-bedroom-premium-houseboat.html]
[www.abadhotels.com/m/kerala-houseboats/facilities/facilities.html]
[www.abadhotels.com/m/kerala-houseboats/places-of-interest.html]
[www.abadhotels.com/m/kerala-houseboats/gallery.html]
[www.abadhotels.com/m/kerala-houseboats/gallery5835.html]
[www.abadhotels.com/m/kerala-houseboats/galleryed7e.html]
[www.abadhotels.com/m/kerala-houseboats/gallery25a6.html]
[www.abadhotels.com/m/kerala-houseboats/gallerybe63.html]
[www.abadhotels.com/m/kerala-houseboats/galleryf7a7.html]
[www.abadhotels.com/m/kerala-houseboats/galleryf7f5.html]
[www.abadhotels.com/m/kerala-houseboats/gallery2e44.html]
[www.abadhotels.com/m/kerala-houseboats/contact-us/contact-us.html]
[cdn.simplotel.com/static-sites/production/live/6C6B43974298C789/m/js/1-simp-lib.min.d5c915d34eba7a2801647ed5d8d82d0b.js]
[cdn.simplotel.com/static-sites/production/live/6C6B43974298C789/m/js/2-simp-lib.min.d6828eb5d7f1b1977e2fe7125e157cb9.js]
[cdn.simplotel.com/static-sites/production/live/6C6B43974298C789/m/js/3-simp-lib.min.84712366c004491837b938e5807755c7.js]
[cdn.simplotel.com/static-sites/production/live/6C6B43974298C789/m/js/4-simp-lib.min.900e230cae2bb2374ff5a7585c0285d3.js]
[cdn.simplotel.com/static-sites/production/live/6C6B43974298C789/m/js/5-simp-lib.min.32c756a9f8ca13f81b2632bb64e5c24b.js]
[cdn.simplotel.com/static-sites/production/live/6C6B43974298C789/m/js/bookingengine.min.642f76b4c4500df901b7429788f3896a.js]
[www.abadhotels.com/m/kerala-houseboats/index.html]
[www.abadhotels.com/m/fort-kochi-hotel-dutch-bungalow/rooms.html]
[www.abadhotels.com/m/fort-kochi-hotel-dutch-bungalow/rooms/heritage-classic.html]
[www.abadhotels.com/m/fort-kochi-hotel-dutch-bungalow/rooms/heritage-boutique.html]
[www.abadhotels.com/m/fort-kochi-hotel-dutch-bungalow/dining/food-mill-restaurant.html]
[www.abadhotels.com/m/fort-kochi-hotel-dutch-bungalow/facilities/facilities.html]
[www.abadhotels.com/m/fort-kochi-hotel-dutch-bungalow/contact-us/contact-us.html]
[www.abadhotels.com/m/fort-kochi-hotel-dutch-bungalow/gallery.html]
[www.abadhotels.com/m/fort-kochi-hotel-dutch-bungalow/gallery5835.html]
[www.abadhotels.com/m/fort-kochi-hotel-dutch-bungalow/gallery25a6.html]
[www.abadhotels.com/m/fort-kochi-hotel-dutch-bungalow/gallerybe63.html]
[www.abadhotels.com/m/fort-kochi-hotel-dutch-bungalow/galleryf7a7.html]
[www.abadhotels.com/m/fort-kochi-hotel-dutch-bungalow/galleryf7f5.html]
[www.abadhotels.com/m/fort-kochi-hotel-dutch-bungalow/places-of-interest.html]
[www.abadhotels.com/m/fort-kochi-hotel-dutch-bungalow/experiences/experiences.html]
[www.abadhotels.com/m/fort-kochi-hotel-dutch-bungalow/index.html]
[www.abadhotels.com/m/pepperroute/rooms/deluxe-room.html]
[www.abadhotels.com/m/pepperroute/facilities/facilities.html]
[www.abadhotels.com/m/pepperroute/gallery.html]
[www.abadhotels.com/m/pepperroute/gallery5835.html]
[www.abadhotels.com/m/pepperroute/galleryed7e.html]
[www.abadhotels.com/m/pepperroute/gallery25a6.html]
[www.abadhotels.com/m/pepperroute/gallerybe63.html]
[www.abadhotels.com/m/pepperroute/galleryf7a7.html]
[www.abadhotels.com/m/pepperroute/galleryf7f5.html]
[www.abadhotels.com/m/pepperroute/places-of-interest.html]
[www.abadhotels.com/m/pepperroute/contact-us/contact-us.html]
[www.abadhotels.com/m/pepperroute/index.html]
[www.abadhotels.com/m/abadmetro/rooms.html]
[www.abadhotels.com/m/abadmetro/rooms/standard-rooms.html]
[www.abadhotels.com/m/abadmetro/rooms/deluxe-room.html]
[www.abadhotels.com/m/abadmetro/rooms/suites.html]
[www.abadhotels.com/m/abadmetro/meetings-events/summit-banquet-hall.html]
[www.abadhotels.com/m/abadmetro/facilities/facilities.html]
[www.abadhotels.com/m/abadmetro/gallery.html]
[www.abadhotels.com/m/abadmetro/gallery5835.html]
[www.abadhotels.com/m/abadmetro/gallery25a6.html]
[www.abadhotels.com/m/abadmetro/gallerybe63.html]
[www.abadhotels.com/m/abadmetro/galleryf7a7.html]
[www.abadhotels.com/m/abadmetro/galleryf7f5.html]
[www.abadhotels.com/m/abadmetro/places-of-interest.html]
[www.abadhotels.com/m/abadmetro/contact-us/contact-us.html]
[www.abadhotels.com/m/abadmetro/index.html]
[www.abadhotels.com/m/hotel-in-mg-road-kochi/rooms.html]
[www.abadhotels.com/m/hotel-in-mg-road-kochi/rooms/superior-rooms.html]
[www.abadhotels.com/m/hotel-in-mg-road-kochi/rooms/suites.html]
[www.abadhotels.com/m/hotel-in-mg-road-kochi/meetings-events.html]
[www.abadhotels.com/m/hotel-in-mg-road-kochi/meetings-events/the-event.html]
[www.abadhotels.com/m/hotel-in-mg-road-kochi/meetings-events/forum-banquet-hall.html]
[www.abadhotels.com/m/hotel-in-mg-road-kochi/spa/revival-ayurveda-centre.html]
[www.abadhotels.com/m/hotel-in-mg-road-kochi/facilities/facilities.html]
[www.abadhotels.com/m/hotel-in-mg-road-kochi/gallery.html]
[www.abadhotels.com/m/hotel-in-mg-road-kochi/gallery5835.html]
[www.abadhotels.com/m/hotel-in-mg-road-kochi/galleryed7e.html]
[www.abadhotels.com/m/hotel-in-mg-road-kochi/gallery25a6.html]
[www.abadhotels.com/m/hotel-in-mg-road-kochi/gallerybe63.html]
[www.abadhotels.com/m/hotel-in-mg-road-kochi/galleryf7a7.html]
[www.abadhotels.com/m/hotel-in-mg-road-kochi/places-of-interest.html]
[www.abadhotels.com/m/hotel-in-mg-road-kochi/contact-us/contact-us.html]
[www.abadhotels.com/m/hotel-in-mg-road-kochi/index.html]
[www.abadhotels.com/m/hotel-in-kochi/rooms.html]
[www.abadhotels.com/m/hotel-in-kochi/rooms/superior-rooms.html]
[www.abadhotels.com/m/hotel-in-kochi/rooms/suites.html]
[www.abadhotels.com/m/hotel-in-kochi/dining.html]
[www.abadhotels.com/m/hotel-in-kochi/dining/regency-restaurant.html]
[www.abadhotels.com/m/hotel-in-kochi/dining/kadaloram-restaurant.html]
[www.abadhotels.com/m/hotel-in-kochi/dining/canopy-cafe.html]
[www.abadhotels.com/m/hotel-in-kochi/dining/patisserie.html]
[www.abadhotels.com/m/hotel-in-kochi/meetings-events.html]
[www.abadhotels.com/m/hotel-in-kochi/meetings-events/grand-ball-room.html]
[www.abadhotels.com/m/hotel-in-kochi/meetings-events/vantage-point.html]
[www.abadhotels.com/m/hotel-in-kochi/meetings-events/inner-circle.html]
[www.abadhotels.com/m/hotel-in-kochi/meetings-events/imperial.html]
[www.abadhotels.com/m/hotel-in-kochi/meetings-events/garden-court-1.html]
[www.abadhotels.com/m/hotel-in-kochi/meetings-events/garden-court--2.html]
[www.abadhotels.com/m/hotel-in-kochi/meetings-events/rendezvous.html]
[www.abadhotels.com/m/hotel-in-kochi/meetings-events/galleria-exhibition-hall.html]
[www.abadhotels.com/m/hotel-in-kochi/spa/revival-ayurveda-centre.html]
[www.abadhotels.com/m/hotel-in-kochi/facilities/facilities.html]
[www.abadhotels.com/m/hotel-in-kochi/gallery.html]
[www.abadhotels.com/m/hotel-in-kochi/gallery5835.html]
[www.abadhotels.com/m/hotel-in-kochi/galleryed7e.html]
[www.abadhotels.com/m/hotel-in-kochi/gallery25a6.html]
[www.abadhotels.com/m/hotel-in-kochi/gallerybe63.html]
[www.abadhotels.com/m/hotel-in-kochi/galleryf7a7.html]
[www.abadhotels.com/m/hotel-in-kochi/galleryf7f5.html]
[www.abadhotels.com/m/hotel-in-kochi/places-of-interest.html]
[www.abadhotels.com/m/hotel-in-kochi/contact-us/contact-us.html]
[www.abadhotels.com/m/hotel-in-kochi/blogs/staycation-at-abad-plaza-in-kochi.html]
[www.abadhotels.com/m/hotel-in-kochi/index.html]
[cdn.simplotel.com/static-sites/production/live/6C6B43974298C789/m/css/simp.min.baa91a760ec7e00418cfeebc3e83f937.css]
[cdn.simplotel.com/static-sites/production/live/6C6B43974298C789/m/css/custom-plugins.685d0339e37b0c0eb53e145d7fe5757c.css]
[www.abadhotels.com/m/hotelabad/rooms.html]
[www.abadhotels.com/m/hotelabad/rooms/deluxe-ac-room.html]
[www.abadhotels.com/m/hotelabad/rooms/deluxe-non-ac-room.html]
[www.abadhotels.com/m/hotelabad/rooms/suites.html]
[www.abadhotels.com/m/hotelabad/dining.html]
[www.abadhotels.com/m/hotelabad/dining/pavilion-restaurant.html]
[www.abadhotels.com/m/hotelabad/dining/cafe-mattancherry.html]
[www.abadhotels.com/m/hotelabad/meetings-events.html]
[www.abadhotels.com/m/hotelabad/meetings-events/banquet-hall.html]
[www.abadhotels.com/m/hotelabad/meetings-events/boardroom.html]
[www.abadhotels.com/m/hotelabad/facilities/facilities.html]
[www.abadhotels.com/m/hotelabad/places-of-interest.html]
[www.abadhotels.com/m/hotelabad/contact-us/contact-us.html]
[www.abadhotels.com/m/hotelabad/gallery.html]
[www.abadhotels.com/m/hotelabad/gallery5835.html]
[www.abadhotels.com/m/hotelabad/galleryed7e.html]
[www.abadhotels.com/m/hotelabad/gallery25a6.html]
[www.abadhotels.com/m/hotelabad/gallerybe63.html]
[www.abadhotels.com/m/hotelabad/galleryf7f5.html]
[www.abadhotels.com/m/hotelabad/blogs.html]
[www.abadhotels.com/m/hotelabad/blogs/explore-the-flavours-of-kerala.html]
[cdn.simplotel.com/static-sites/production/live/6C6B43974298C789/m/js/1-simp-lib.min.63dc43410d9af986ad9b8c8be0289182.js]
[cdn.simplotel.com/static-sites/production/live/6C6B43974298C789/m/js/2-simp-lib.min.fbc187149c90da6844c688045918e912.js]
[cdn.simplotel.com/static-sites/production/live/6C6B43974298C789/m/js/3-simp-lib.min.55adc9f0117bc5633391b3fbf5681594.js]
[cdn.simplotel.com/static-sites/production/live/6C6B43974298C789/m/js/4-simp-lib.min.fcf25b8c9c75dbe76ce9e68641905bac.js]
[cdn.simplotel.com/static-sites/production/live/6C6B43974298C789/m/js/5-simp-lib.min.2c43c8df4fcd31766f7adc17df29f5c3.js]
[cdn.simplotel.com/static-sites/production/live/6C6B43974298C789/m/js/bookingengine.min.67b37d1608c27f68a8665bfeb503b8cf.js]
[www.abadhotels.com/m/hotelabad/index.html]
[www.abadhotels.com/m/kovalam-guest-house/rooms.html]
[www.abadhotels.com/m/kovalam-guest-house/rooms/deluxe-room.html]
[www.abadhotels.com/m/kovalam-guest-house/rooms/superior-room.html]
[www.abadhotels.com/m/kovalam-guest-house/facilities/facilities.html]
[www.abadhotels.com/m/kovalam-guest-house/gallery.html]
[www.abadhotels.com/m/kovalam-guest-house/gallery5835.html]
[www.abadhotels.com/m/kovalam-guest-house/galleryed7e.html]
[www.abadhotels.com/m/kovalam-guest-house/gallery25a6.html]
[www.abadhotels.com/m/kovalam-guest-house/gallerybe63.html]
[www.abadhotels.com/m/kovalam-guest-house/galleryf7a7.html]
[www.abadhotels.com/m/kovalam-guest-house/galleryf7f5.html]
[www.abadhotels.com/m/kovalam-guest-house/places-of-interest.html]
[www.abadhotels.com/m/kovalam-guest-house/contact-us/contact-us.html]
[www.abadhotels.com/m/kovalam-guest-house/experiences/experiences.html]
[www.abadhotels.com/m/kovalam-guest-house/index.html]
[www.abadhotels.com/m/hotels-in-kovalam/rooms.html]
[www.abadhotels.com/m/hotels-in-kovalam/rooms/superior-room.html]
[www.abadhotels.com/m/hotels-in-kovalam/rooms/cottage.html]
[www.abadhotels.com/m/hotels-in-kovalam/dining/multi-cuisine-restaurant.html]
[www.abadhotels.com/m/hotels-in-kovalam/meeting-and-events/banquet-hall.html]
[www.abadhotels.com/m/hotels-in-kovalam/facilities/facilities.html]
[www.abadhotels.com/m/hotels-in-kovalam/experiences/experiences.html]
[www.abadhotels.com/m/hotels-in-kovalam/spa/ayurveda-revival-centre.html]
[www.abadhotels.com/m/hotels-in-kovalam/gallery.html]
[www.abadhotels.com/m/hotels-in-kovalam/gallery5835.html]
[www.abadhotels.com/m/hotels-in-kovalam/galleryed7e.html]
[www.abadhotels.com/m/hotels-in-kovalam/gallery25a6.html]
[www.abadhotels.com/m/hotels-in-kovalam/gallerybe63.html]
[www.abadhotels.com/m/hotels-in-kovalam/galleryf7a7.html]
[www.abadhotels.com/m/hotels-in-kovalam/galleryf7f5.html]
[www.abadhotels.com/m/hotels-in-kovalam/places-of-interest.html]
[www.abadhotels.com/m/hotels-in-kovalam/contact-us/contact-us.html]
[www.abadhotels.com/m/hotels-in-kovalam/index.html]
[www.abadhotels.com/m/marari-beach-resorts/rooms/beach-cottage.html]
[www.abadhotels.com/m/marari-beach-resorts/dining/multi-cuisine-restaurant.html]
[www.abadhotels.com/m/marari-beach-resorts/meeting-and-events/banquet-hall.html]
[www.abadhotels.com/m/marari-beach-resorts/spa/revival-ayurveda-centre.html]
[www.abadhotels.com/m/marari-beach-resorts/facilities/facilities.html]
[www.abadhotels.com/m/marari-beach-resorts/gallery.html]
[www.abadhotels.com/m/marari-beach-resorts/gallery5835.html]
[www.abadhotels.com/m/marari-beach-resorts/galleryed7e.html]
[www.abadhotels.com/m/marari-beach-resorts/gallery25a6.html]
[www.abadhotels.com/m/marari-beach-resorts/gallerybe63.html]
[www.abadhotels.com/m/marari-beach-resorts/galleryf7a7.html]
[www.abadhotels.com/m/marari-beach-resorts/galleryf7f5.html]
[www.abadhotels.com/m/marari-beach-resorts/gallery2e44.html]
[www.abadhotels.com/m/marari-beach-resorts/gallerycf4a.html]
[www.abadhotels.com/m/marari-beach-resorts/gallery50d2.html]
[www.abadhotels.com/m/marari-beach-resorts/galleryeacc.html]
[www.abadhotels.com/m/marari-beach-resorts/places-of-interest.html]
[www.abadhotels.com/m/marari-beach-resorts/contact-us/contact-us.html]
[www.abadhotels.com/m/marari-beach-resorts/experiences/experiences.html]
[www.abadhotels.com/m/marari-beach-resorts/index.html]
[www.abadhotels.com/m/resorts-in-munnar/rooms/superior-room.html]
[www.abadhotels.com/m/resorts-in-munnar/rooms/balcony-view-rooms.html]
[www.abadhotels.com/m/resorts-in-munnar/dining/copper-castle-restaurant.html]
[www.abadhotels.com/m/resorts-in-munnar/meetings-events/copper-castle-banquet-hall.html]
[www.abadhotels.com/m/resorts-in-munnar/spa/revival-ayurveda-centre.html]
[www.abadhotels.com/m/resorts-in-munnar/facilities/facilities.html]
[www.abadhotels.com/m/resorts-in-munnar/gallery.html]
[www.abadhotels.com/m/resorts-in-munnar/gallery5835.html]
[www.abadhotels.com/m/resorts-in-munnar/galleryed7e.html]
[www.abadhotels.com/m/resorts-in-munnar/gallery25a6.html]
[www.abadhotels.com/m/resorts-in-munnar/gallerybe63.html]
[www.abadhotels.com/m/resorts-in-munnar/galleryf7a7.html]
[www.abadhotels.com/m/resorts-in-munnar/places-of-interest.html]
[www.abadhotels.com/m/resorts-in-munnar/contact-us/contact-us.html]
[www.abadhotels.com/m/resorts-in-munnar/experiences/experiences-at-abad-copper-castle-munnar.html]
[www.abadhotels.com/m/resorts-in-munnar/blog/the-beauty-that-is-munnar.html]
[www.abadhotels.com/m/resorts-in-munnar/blog/a-day-in-munnar.html]
[www.abadhotels.com/m/resorts-in-munnar/index.html]
[www.abadhotels.com/m/luxury-resort-in-kumarakom/rooms.html]
[www.abadhotels.com/m/luxury-resort-in-kumarakom/rooms/garden-view-cottage.html]
[www.abadhotels.com/m/luxury-resort-in-kumarakom/rooms/lake-facing-cottage.html]
[www.abadhotels.com/m/luxury-resort-in-kumarakom/rooms/bamboo-pool-villa.html]
[www.abadhotels.com/m/luxury-resort-in-kumarakom/dining/granary---multi-cuisine-restaurant.html]
[www.abadhotels.com/m/luxury-resort-in-kumarakom/meetings-events/vedhi-banquet-hall.html]
[www.abadhotels.com/m/luxury-resort-in-kumarakom/facilities/facilities.html]
[www.abadhotels.com/m/luxury-resort-in-kumarakom/spa/revival-ayurvedic-centre.html]
[www.abadhotels.com/m/luxury-resort-in-kumarakom/experiences/experiences.html]
[www.abadhotels.com/m/luxury-resort-in-kumarakom/gallery.html]
[www.abadhotels.com/m/luxury-resort-in-kumarakom/gallery5835.html]
[www.abadhotels.com/m/luxury-resort-in-kumarakom/galleryed7e.html]
[www.abadhotels.com/m/luxury-resort-in-kumarakom/gallery25a6.html]
[www.abadhotels.com/m/luxury-resort-in-kumarakom/gallerybe63.html]
[www.abadhotels.com/m/luxury-resort-in-kumarakom/galleryf7a7.html]
[www.abadhotels.com/m/luxury-resort-in-kumarakom/galleryf7f5.html]
[www.abadhotels.com/m/luxury-resort-in-kumarakom/gallery2e44.html]
[www.abadhotels.com/m/luxury-resort-in-kumarakom/contact-us/contact-us.html]
[www.abadhotels.com/m/luxury-resort-in-kumarakom/places-of-interest.html]
[www.abadhotels.com/m/luxury-resort-in-kumarakom/blogs/make-memories-in-the-houseboats-in-kumarakom-backwater.html]
[www.abadhotels.com/m/luxury-resort-in-kumarakom/index.html]
[www.abadhotels.com/m/resorts-in-thekkady/rooms.html]
[www.abadhotels.com/m/resorts-in-thekkady/rooms/jungle-rooms.html]
[www.abadhotels.com/m/resorts-in-thekkady/rooms/jungle-cottages.html]
[www.abadhotels.com/m/resorts-in-thekkady/dining/peppermint-restaurant.html]
[www.abadhotels.com/m/resorts-in-thekkady/meetings-events/banquet-hall.html]
[www.abadhotels.com/m/resorts-in-thekkady/spa/revival-ayurveda-centre.html]
[www.abadhotels.com/m/resorts-in-thekkady/facilities/facilities.html]
[www.abadhotels.com/m/resorts-in-thekkady/gallery.html]
[www.abadhotels.com/m/resorts-in-thekkady/gallery5835.html]
[www.abadhotels.com/m/resorts-in-thekkady/galleryed7e.html]
[www.abadhotels.com/m/resorts-in-thekkady/gallery25a6.html]
[www.abadhotels.com/m/resorts-in-thekkady/gallerybe63.html]
[www.abadhotels.com/m/resorts-in-thekkady/contact-us/contact-us.html]
[www.abadhotels.com/m/resorts-in-thekkady/places-of-interest.html]
[www.abadhotels.com/m/resorts-in-thekkady/experiences/experiences.html]
[www.abadhotels.com/m/resorts-in-thekkady/blogs/things-to-do-in-thekkady.html]
[www.abadhotels.com/m/resorts-in-thekkady/index.html]
[cdn.simplotel.com/static-sites/production/live/6C6B43974298C789/m/css/simp.min.c8751908c698968298915765579d96c5.css]
[cdn.simplotel.com/static-sites/production/live/6C6B43974298C789/m/css/custom-plugins.1ff09afc731676ec9eb0615c3a11717d.css]
[www.abadhotels.com/m/resorts-in-wayanad/rooms.html]
[www.abadhotels.com/m/resorts-in-wayanad/rooms/garden-facing-cottages.html]
[www.abadhotels.com/m/resorts-in-wayanad/rooms/brookside-cottages.html]
[www.abadhotels.com/m/resorts-in-wayanad/rooms/private-pool-villa.html]
[www.abadhotels.com/m/resorts-in-wayanad/dining/restaurant.html]
[www.abadhotels.com/m/resorts-in-wayanad/meeting-and-events/meeting-and-events.html]
[www.abadhotels.com/m/resorts-in-wayanad/facilities/facilities.html]
[www.abadhotels.com/m/resorts-in-wayanad/gallery.html]
[www.abadhotels.com/m/resorts-in-wayanad/gallery5835.html]
[www.abadhotels.com/m/resorts-in-wayanad/galleryed7e.html]
[www.abadhotels.com/m/resorts-in-wayanad/gallery25a6.html]
[www.abadhotels.com/m/resorts-in-wayanad/gallerybe63.html]
[www.abadhotels.com/m/resorts-in-wayanad/galleryf7a7.html]
[www.abadhotels.com/m/resorts-in-wayanad/galleryf7f5.html]
[www.abadhotels.com/m/resorts-in-wayanad/gallerycf4a.html]
[www.abadhotels.com/m/resorts-in-wayanad/places-of-interest.html]
[www.abadhotels.com/m/resorts-in-wayanad/contact-us/contact-us.html]
[www.abadhotels.com/m/resorts-in-wayanad/experiences/experiences.html]
[www.abadhotels.com/m/resorts-in-wayanad/blogs/things-to-do-in-wayanad.html]
[cdn.simplotel.com/static-sites/production/live/6C6B43974298C789/m/js/1-simp-lib.min.3b1518c389163548e194a2444c718ec3.js]
[cdn.simplotel.com/static-sites/production/live/6C6B43974298C789/m/js/2-simp-lib.min.c118a7f67eb95027cec885df7c20a728.js]
[cdn.simplotel.com/static-sites/production/live/6C6B43974298C789/m/js/3-simp-lib.min.80ec0a0e9b1aa8243325fa36781460ca.js]
[cdn.simplotel.com/static-sites/production/live/6C6B43974298C789/m/js/4-simp-lib.min.b9f8e87f67217380d564af0e0c990ec3.js]
[cdn.simplotel.com/static-sites/production/live/6C6B43974298C789/m/js/5-simp-lib.min.20239a17d7e634d63365a4422b1f9a43.js]
[www.abadhotels.com/m/resorts-in-wayanad/index.html]
[cdn.simplotel.com/static-sites/production/live/6C6B43974298C789/m/js/bookingengine.min.93fce79658bd8d39f8bff7bd3757e54e.js]
[www.abadhotels.com/m/plantation-resorts-in-wayanad/rooms.html]
[www.abadhotels.com/m/plantation-resorts-in-wayanad/rooms/estate-heritage-bungalow.html]
[www.abadhotels.com/m/plantation-resorts-in-wayanad/rooms/estate-boutique-bungalow.html]
[www.abadhotels.com/m/plantation-resorts-in-wayanad/dining/multicuisine-restaurant.html]
[www.abadhotels.com/m/plantation-resorts-in-wayanad/facilities/facilities.html]
[www.abadhotels.com/m/plantation-resorts-in-wayanad/gallery.html]
[www.abadhotels.com/m/plantation-resorts-in-wayanad/gallery5835.html]
[www.abadhotels.com/m/plantation-resorts-in-wayanad/galleryed7e.html]
[www.abadhotels.com/m/plantation-resorts-in-wayanad/gallerybe63.html]
[www.abadhotels.com/m/plantation-resorts-in-wayanad/galleryf7a7.html]
[www.abadhotels.com/m/plantation-resorts-in-wayanad/galleryf7f5.html]
[www.abadhotels.com/m/plantation-resorts-in-wayanad/gallery2e44.html]
[www.abadhotels.com/m/plantation-resorts-in-wayanad/places-of-interest.html]
[www.abadhotels.com/m/plantation-resorts-in-wayanad/contact-us/contact-us.html]
[www.abadhotels.com/m/plantation-resorts-in-wayanad/experiences/experiences-at-parisons-plantation-experiences.html]
[www.abadhotels.com/m/plantation-resorts-in-wayanad/index.html]
[www.abadhotels.com/m/holiday-packages.html]
[www.abadhotels.com/m/holiday-packages/hills-and-backwaters.html]
[www.abadhotels.com/m/holiday-packages/enchanting-kerala.html]
[www.abadhotels.com/m/holiday-packages/amazing-kerala.html]
[www.abadhotels.com/m/holiday-packages/best-of-abad.html]
[www.abadhotels.com/m/holiday-packages/honeymoon-packages.html]
[www.abadhotels.com/m/ayurveda/ayurveda.html]
[www.abadhotels.com/m/ayurveda/certificates.html]
[www.abadhotels.com/m/membership/abad-privilege-club-card.html]
[www.abadhotels.com/m/meetings-events/meetings-events.html]
[www.abadhotels.com/m/meetings-events/outdoor-catering.html]
[www.abadhotels.com/m/contact-us/contact-us.html]
[www.abadhotels.com/m/contact-us/feedback.html]
[www.abadhotels.com/m/contact-us/careers.html]
[www.abadhotels.com/m/dining/dining.html]
[www.abadhotels.com/m/about-us/about-us.html]
[www.abadhotels.com/m/blogs/5-best-ways-to-spend-your-time-during-this-pandemic.html]
[www.abadhotels.com/m/blogs/best-places-to-visit-within-kerala-this-summer.html]
[www.abadhotels.com/m/blogs/the-best-kerala-holiday-packages.html]
[www.abadhotels.com/m/blogs/couples-guide-to-kerala.html]
[www.abadhotels.com/m/privacy.html]
[www.abadhotels.com/m/destinations.html]
[www.abadhotels.com/m/destinations/kochi.html]
[www.abadhotels.com/m/destinations/wayanad.html]
[www.abadhotels.com/m/destinations/kovalam.html]
[www.abadhotels.com/m/destinations/munnar.html]
[www.abadhotels.com/m/destinations/alleppey.html]
[www.abadhotels.com/m/destinations/mararikulam.html]
[www.abadhotels.com/m/destinations/thekkady.html]
[www.abadhotels.com/m/destinations/kumarakom.html]
[www.abadhotels.com/m/covid-protocols.html]
[cdn.simplotel.com/static-sites/production/live/6C6B43974298C789/css/simp.min.2bc3c7056145e0a1c02f120623628eda.css]
[cdn.simplotel.com/static-sites/production/live/6C6B43974298C789/css/custom-plugins.1b4b25dd4e6ae4ff65fee86773211708.css]
[www.abadhotels.com/kerala-houseboats/rooms.html]
[www.abadhotels.com/kerala-houseboats/facilities/facilities.html]
[www.abadhotels.com/kerala-houseboats/places-of-interest.html]
[www.abadhotels.com/kerala-houseboats/gallery.html]
[www.abadhotels.com/kerala-houseboats/rooms/abad-premium-houseboat.html]
[www.abadhotels.com/kerala-houseboats/rooms/abad-2-bedroom-premium-houseboat.html]
[www.abadhotels.com/kerala-houseboats/contact-us/contact-us.html]
[www.abadhotels.com/fort-kochi-hotel-dutch-bungalow/rooms.html]
[www.abadhotels.com/fort-kochi-hotel-dutch-bungalow/dining/food-mill-restaurant.html]
[www.abadhotels.com/fort-kochi-hotel-dutch-bungalow/facilities/facilities.html]
[www.abadhotels.com/fort-kochi-hotel-dutch-bungalow/contact-us/contact-us.html]
[www.abadhotels.com/fort-kochi-hotel-dutch-bungalow/gallery.html]
[www.abadhotels.com/fort-kochi-hotel-dutch-bungalow/places-of-interest.html]
[www.abadhotels.com/fort-kochi-hotel-dutch-bungalow/experiences/experiences.html]
[www.abadhotels.com/fort-kochi-hotel-dutch-bungalow/rooms/heritage-classic.html]
[www.abadhotels.com/fort-kochi-hotel-dutch-bungalow/rooms/heritage-boutique.html]
[d79k57b9f2p6h.cloudfront.net/generic_uploads/production/46nRJK6N/Dutch bungalow.jpg]
[www.abadhotels.com/pepperroute/rooms/deluxe-room.html]
[www.abadhotels.com/pepperroute/facilities/facilities.html]
[www.abadhotels.com/pepperroute/places-of-interest.html]
[www.abadhotels.com/pepperroute/gallery.html]
[www.abadhotels.com/pepperroute/contact-us/contact-us.html]
[www.abadhotels.com/abadmetro/rooms.html]
[www.abadhotels.com/abadmetro/meetings-events/summit-banquet-hall.html]
[www.abadhotels.com/abadmetro/facilities/facilities.html]
[www.abadhotels.com/abadmetro/gallery.html]
[www.abadhotels.com/abadmetro/places-of-interest.html]
[www.abadhotels.com/abadmetro/contact-us/contact-us.html]
[www.abadhotels.com/abadmetro/rooms/standard-rooms.html]
[www.abadhotels.com/abadmetro/rooms/deluxe-room.html]
[www.abadhotels.com/abadmetro/rooms/suites.html]
[www.abadhotels.com/hotel-in-mg-road-kochi/rooms.html]
[www.abadhotels.com/hotel-in-mg-road-kochi/dining/cafe-royale.html]
[www.abadhotels.com/hotel-in-mg-road-kochi/meetings-events.html]
[www.abadhotels.com/hotel-in-mg-road-kochi/spa/revival-ayurveda-centre.html]
[www.abadhotels.com/hotel-in-mg-road-kochi/facilities/facilities.html]
[www.abadhotels.com/hotel-in-mg-road-kochi/gallery.html]
[www.abadhotels.com/hotel-in-mg-road-kochi/places-of-interest.html]
[www.abadhotels.com/hotel-in-mg-road-kochi/contact-us/contact-us.html]
[www.abadhotels.com/hotel-in-mg-road-kochi/rooms/superior-rooms.html]
[www.abadhotels.com/hotel-in-mg-road-kochi/rooms/suites.html]
[www.abadhotels.com/hotel-in-mg-road-kochi/meetings-events/the-event.html]
[www.abadhotels.com/hotel-in-mg-road-kochi/meetings-events/forum-banquet-hall.html]
[www.abadhotels.com/hotel-in-kochi/rooms.html]
[www.abadhotels.com/hotel-in-kochi/dining.html]
[www.abadhotels.com/hotel-in-kochi/meetings-events.html]
[www.abadhotels.com/hotel-in-kochi/spa/revival-ayurveda-centre.html]
[www.abadhotels.com/hotel-in-kochi/facilities/facilities.html]
[www.abadhotels.com/hotel-in-kochi/gallery.html]
[www.abadhotels.com/hotel-in-kochi/places-of-interest.html]
[www.abadhotels.com/hotel-in-kochi/contact-us/contact-us.html]
[www.abadhotels.com/hotel-in-kochi/blogs/staycation-at-abad-plaza-in-kochi.html]
[www.abadhotels.com/hotel-in-kochi/rooms/superior-rooms.html]
[www.abadhotels.com/hotel-in-kochi/rooms/suites.html]
[www.abadhotels.com/hotel-in-kochi/dining/regency-restaurant.html]
[www.abadhotels.com/hotel-in-kochi/dining/kadaloram-restaurant.html]
[www.abadhotels.com/hotel-in-kochi/dining/canopy-cafe.html]
[www.abadhotels.com/hotel-in-kochi/dining/patisserie.html]
[cdn.simplotel.com/static-sites/production/live/6C6B43974298C789/css/simp.min.d44135560389ab719270232faeb20d15.css]
[cdn.simplotel.com/static-sites/production/live/6C6B43974298C789/css/custom-plugins.5de79f16ef9e361e1ad173ce6a7725f0.css]
[www.abadhotels.com/hotelabad/rooms.html]
[www.abadhotels.com/hotelabad/dining.html]
[www.abadhotels.com/hotelabad/meetings-events.html]
[www.abadhotels.com/hotelabad/facilities/facilities.html]
[www.abadhotels.com/hotelabad/places-of-interest.html]
[www.abadhotels.com/hotelabad/contact-us/contact-us.html]
[www.abadhotels.com/hotelabad/gallery.html]
[www.abadhotels.com/hotelabad/blogs.html]
[www.abadhotels.com/hotelabad/rooms/deluxe-ac-room.html]
[www.abadhotels.com/hotelabad/rooms/suites.html]
[www.abadhotels.com/hotelabad/dining/pavilion-restaurant.html]
[www.abadhotels.com/hotelabad/dining/cafe-mattancherry.html]
[www.abadhotels.com/hotelabad/meetings-events/banquet-hall.html]
[www.abadhotels.com/hotelabad/meetings-events/boardroom.html]
[www.abadhotels.com/kovalam-guest-house/rooms.html]
[www.abadhotels.com/kovalam-guest-house/facilities/facilities.html]
[www.abadhotels.com/kovalam-guest-house/gallery.html]
[www.abadhotels.com/kovalam-guest-house/places-of-interest.html]
[www.abadhotels.com/kovalam-guest-house/contact-us/contact-us.html]
[www.abadhotels.com/kovalam-guest-house/experiences/experiences.html]
[www.abadhotels.com/kovalam-guest-house/rooms/deluxe-room.html]
[www.abadhotels.com/kovalam-guest-house/rooms/superior-room.html]
[www.abadhotels.com/hotels-in-kovalam/rooms.html]
[www.abadhotels.com/hotels-in-kovalam/dining/multi-cuisine-restaurant.html]
[www.abadhotels.com/hotels-in-kovalam/meeting-and-events/banquet-hall.html]
[www.abadhotels.com/hotels-in-kovalam/facilities/facilities.html]
[www.abadhotels.com/hotels-in-kovalam/experiences/experiences.html]
[www.abadhotels.com/hotels-in-kovalam/spa/ayurveda-revival-centre.html]
[www.abadhotels.com/hotels-in-kovalam/gallery.html]
[www.abadhotels.com/hotels-in-kovalam/places-of-interest.html]
[www.abadhotels.com/hotels-in-kovalam/contact-us/contact-us.html]
[www.abadhotels.com/hotels-in-kovalam/rooms/superior-room.html]
[www.abadhotels.com/hotels-in-kovalam/rooms/cottage.html]
[www.abadhotels.com/marari-beach-resorts/rooms/beach-cottage.html]
[www.abadhotels.com/marari-beach-resorts/dining/multi-cuisine-restaurant.html]
[www.abadhotels.com/marari-beach-resorts/meeting-and-events/banquet-hall.html]
[www.abadhotels.com/marari-beach-resorts/spa/revival-ayurveda-centre.html]
[www.abadhotels.com/marari-beach-resorts/facilities/facilities.html]
[www.abadhotels.com/marari-beach-resorts/gallery.html]
[www.abadhotels.com/marari-beach-resorts/places-of-interest.html]
[www.abadhotels.com/marari-beach-resorts/contact-us/contact-us.html]
[www.abadhotels.com/marari-beach-resorts/experiences/experiences.html]
[www.abadhotels.com/resorts-in-munnar/rooms/superior-room.html]
[www.abadhotels.com/resorts-in-munnar/dining/copper-castle-restaurant.html]
[www.abadhotels.com/resorts-in-munnar/meetings-events/copper-castle-banquet-hall.html]
[www.abadhotels.com/resorts-in-munnar/spa/revival-ayurveda-centre.html]
[www.abadhotels.com/resorts-in-munnar/facilities/facilities.html]
[www.abadhotels.com/resorts-in-munnar/gallery.html]
[www.abadhotels.com/resorts-in-munnar/places-of-interest.html]
[www.abadhotels.com/resorts-in-munnar/contact-us/contact-us.html]
[www.abadhotels.com/resorts-in-munnar/experiences/experiences-at-abad-copper-castle-munnar.html]
[www.abadhotels.com/resorts-in-munnar/blog.html]
[www.abadhotels.com/luxury-resort-in-kumarakom/rooms.html]
[www.abadhotels.com/luxury-resort-in-kumarakom/dining/granary---multi-cuisine-restaurant.html]
[www.abadhotels.com/luxury-resort-in-kumarakom/meetings-events/vedhi-banquet-hall.html]
[www.abadhotels.com/luxury-resort-in-kumarakom/facilities/facilities.html]
[www.abadhotels.com/luxury-resort-in-kumarakom/spa/revival-ayurvedic-centre.html]
[www.abadhotels.com/luxury-resort-in-kumarakom/experiences/experiences.html]
[www.abadhotels.com/luxury-resort-in-kumarakom/gallery.html]
[www.abadhotels.com/luxury-resort-in-kumarakom/contact-us/contact-us.html]
[www.abadhotels.com/luxury-resort-in-kumarakom/places-of-interest.html]
[www.abadhotels.com/luxury-resort-in-kumarakom/blogs/make-memories-in-the-houseboats-in-kumarakom-backwater.html]
[www.abadhotels.com/luxury-resort-in-kumarakom/rooms/garden-view-cottage.html]
[www.abadhotels.com/luxury-resort-in-kumarakom/rooms/lake-facing-cottage.html]
[www.abadhotels.com/luxury-resort-in-kumarakom/rooms/bamboo-pool-villa.html]
[www.abadhotels.com/resorts-in-thekkady/rooms.html]
[www.abadhotels.com/resorts-in-thekkady/dining/peppermint-restaurant.html]
[www.abadhotels.com/resorts-in-thekkady/meetings-events/banquet-hall.html]
[www.abadhotels.com/resorts-in-thekkady/spa/revival-ayurveda-centre.html]
[www.abadhotels.com/resorts-in-thekkady/facilities/facilities.html]
[www.abadhotels.com/resorts-in-thekkady/gallery.html]
[www.abadhotels.com/resorts-in-thekkady/contact-us/contact-us.html]
[www.abadhotels.com/resorts-in-thekkady/places-of-interest.html]
[www.abadhotels.com/resorts-in-thekkady/experiences/experiences.html]
[www.abadhotels.com/resorts-in-thekkady/blogs/things-to-do-in-thekkady.html]
[www.abadhotels.com/resorts-in-thekkady/rooms/jungle-rooms.html]
[www.abadhotels.com/resorts-in-thekkady/rooms/jungle-cottages.html]
[cdn.simplotel.com/static-sites/production/live/6C6B43974298C789/css/simp.min.003a579c70d5488280b92e85c9f723e9.css]
[cdn.simplotel.com/static-sites/production/live/6C6B43974298C789/css/custom-plugins.fbc568a7e770b2923178dca1122bd1e9.css]
[www.abadhotels.com/resorts-in-wayanad/rooms.html]
[www.abadhotels.com/resorts-in-wayanad/dining/restaurant.html]
[www.abadhotels.com/resorts-in-wayanad/meeting-and-events/meeting-and-events.html]
[www.abadhotels.com/resorts-in-wayanad/gallery.html]
[www.abadhotels.com/resorts-in-wayanad/facilities/facilities.html]
[www.abadhotels.com/resorts-in-wayanad/places-of-interest.html]
[www.abadhotels.com/resorts-in-wayanad/contact-us/contact-us.html]
[www.abadhotels.com/resorts-in-wayanad/experiences/experiences.html]
[res.cloudinary.com/simplotel/video/upload/q_80,fl_progressive,w_1500,f_auto,c_fit/v1591956197/abad_brookside_01_min_abad_brookside_lakkidi.gif]
[www.abadhotels.com/resorts-in-wayanad/rooms/garden-facing-cottages.html]
[www.abadhotels.com/resorts-in-wayanad/rooms/brookside-cottages.html]
[www.abadhotels.com/resorts-in-wayanad/blogs/things-to-do-in-wayanad.html]
[res.cloudinary.com/simplotel/image/upload/q_80,fl_progressive,w_1500,f_auto,c_fit/w_366,f_auto,c_fit/parisons-plantation-experiences-by-abad-mananthavady/IMG-20191219-WA0006_wjv2ap.jpg]
[www.abadhotels.com/plantation-resorts-in-wayanad/index.html]
[www.abadhotels.com/ayurveda/certificates.html]
[www.abadhotels.com/meetings-events/outdoor-catering.html]
[www.abadhotels.com/hotel-in-kochi/meetings-events/grand-ball-room.html]
[www.abadhotels.com/hotel-in-kochi/meetings-events/vantage-point.html]
[www.abadhotels.com/hotel-in-kochi/meetings-events/garden-court-1.html]
[www.abadhotels.com/hotel-in-kochi/meetings-events/garden-court--2.html]
[www.abadhotels.com/hotel-in-kochi/meetings-events/rendezvous.html]
[www.abadhotels.com/contact-us/feedback.html]
[www.abadhotels.com/contact-us/careers.html]
[www.abadhotels.com/blogs/best-places-to-visit-within-kerala-this-summer.html]
[www.abadhotels.com/blogs/the-best-kerala-holiday-packages.html]
[www.abadhotels.com/blogs/couples-guide-to-kerala.html]
[www.abadhotels.com/destinations/kochi.html]
[www.abadhotels.com/destinations/wayanad.html]
[www.abadhotels.com/destinations/kovalam.html]
[www.abadhotels.com/destinations/munnar.html]
[www.abadhotels.com/destinations/alleppey.html]
[www.abadhotels.com/destinations/mararikulam.html]
[www.abadhotels.com/destinations/thekkady.html]
[www.abadhotels.com/destinations/kumarakom.html]
[www.abadhotels.com/m/pay-us/pay-us.html]
[www.abadhotels.com/pay-us/pay-us.html]
[www.abadhotels.com/hotelabad/rooms/deluxe-non-ac-room.html]
[www.abadhotels.com/hotelabad/blogs/explore-the-flavours-of-kerala.html]
[www.abadhotels.com/hotel-in-kochi/meetings-events/inner-circle.html]
[www.abadhotels.com/hotel-in-kochi/meetings-events/imperial.html]
[www.abadhotels.com/hotel-in-kochi/meetings-events/galleria-exhibition-hall.html]
[www.abadhotels.com/resorts-in-munnar/rooms/balcony-view-rooms.html]
[www.abadhotels.com/resorts-in-munnar/blog/the-beauty-that-is-munnar.html]
[www.abadhotels.com/resorts-in-munnar/blog/a-day-in-munnar.html]
[www.abadhotels.com/resorts-in-wayanad/rooms/private-pool-villa.html]
[www.abadhotels.com/m/kerala-houseboats/pay-us/pay-us.html]
[www.abadhotels.com/kerala-houseboats/pay-us/pay-us.html]
[www.abadhotels.com/plantation-resorts-in-wayanad/rooms.html]
[www.abadhotels.com/plantation-resorts-in-wayanad/rooms/estate-heritage-bungalow.html]
[www.abadhotels.com/plantation-resorts-in-wayanad/rooms/estate-boutique-bungalow.html]
[www.abadhotels.com/plantation-resorts-in-wayanad/dining/multicuisine-restaurant.html]
[www.abadhotels.com/plantation-resorts-in-wayanad/facilities/facilities.html]
[www.abadhotels.com/plantation-resorts-in-wayanad/gallery.html]
[www.abadhotels.com/plantation-resorts-in-wayanad/places-of-interest.html]
[www.abadhotels.com/plantation-resorts-in-wayanad/contact-us/contact-us.html]
[www.abadhotels.com/plantation-resorts-in-wayanad/experiences/experiences-at-parisons-plantation-experiences.html]
[cdn.simplotel.com/static-sites/production/live/6C6B43974298C789/m/css/images/ui-icons_FFFFFF_256x240.png]
[cdn.simplotel.com/static-sites/production/live/6C6B43974298C789/m/css/images/patterns/overlay1.png]
[cdn.simplotel.com/static-sites/production/live/6C6B43974298C789/m/css/images/patterns/overlay2.png]
[cdn.simplotel.com/static-sites/production/live/6C6B43974298C789/m/css/images/patterns/overlay3.png]
[cdn.simplotel.com/static-sites/production/live/6C6B43974298C789/m/css/images/patterns/overlay4.png]
[cdn.simplotel.com/static-sites/production/live/6C6B43974298C789/m/css/images/patterns/overlay5.png]
[cdn.simplotel.com/static-sites/production/live/6C6B43974298C789/m/css/images/patterns/overlay6.png]
[cdn.simplotel.com/static-sites/production/live/6C6B43974298C789/m/css/images/patterns/overlay7.png]
[cdn.simplotel.com/static-sites/production/live/6C6B43974298C789/m/css/images/patterns/overlay8.png]
[cdn.simplotel.com/static-sites/production/live/6C6B43974298C789/m/css/images/patterns/overlay9.png]
[cdn.simplotel.com/static-sites/production/live/6C6B43974298C789/m/css/images/patterns/overlay10.png]
[cdn.simplotel.com/static-sites/production/live/6C6B43974298C789/m/css/simp.min.f66fdbf331442c20df81bf791fa0efdf.css]
[cdn.simplotel.com/static-sites/production/live/6C6B43974298C789/m/css/custom-plugins.0d1dc5e2dbfe4dcda27bac1c44f7c74f.css]
[www.abadhotels.com/m/kerala-houseboats/rooms.html]
[www.abadhotels.com/m/kerala-houseboats/rooms/abad-premium-houseboat.html]
[www.abadhotels.com/m/kerala-houseboats/rooms/abad-2-bedroom-premium-houseboat.html]
[www.abadhotels.com/m/kerala-houseboats/facilities/facilities.html]
[www.abadhotels.com/m/kerala-houseboats/places-of-interest.html]
[www.abadhotels.com/m/kerala-houseboats/gallery.html]
[www.abadhotels.com/m/kerala-houseboats/gallery5835.html]
[www.abadhotels.com/m/kerala-houseboats/galleryed7e.html]
[www.abadhotels.com/m/kerala-houseboats/gallery25a6.html]
[www.abadhotels.com/m/kerala-houseboats/gallerybe63.html]
[www.abadhotels.com/m/kerala-houseboats/galleryf7a7.html]
[www.abadhotels.com/m/kerala-houseboats/galleryf7f5.html]
[www.abadhotels.com/m/kerala-houseboats/gallery2e44.html]
[cdnjs.cloudflare.com/ajax/libs/modernizr/2.8.3/modernizr.min.js]
[www.abadhotels.com/m/kerala-houseboats/contact-us/contact-us.html]
[www.abadhotels.com/m/fort-kochi-hotel-dutch-bungalow/rooms.html]
[www.abadhotels.com/m/fort-kochi-hotel-dutch-bungalow/rooms/heritage-classic.html]
[www.abadhotels.com/m/fort-kochi-hotel-dutch-bungalow/rooms/heritage-boutique.html]
[www.abadhotels.com/m/fort-kochi-hotel-dutch-bungalow/dining/food-mill-restaurant.html]
[www.abadhotels.com/m/fort-kochi-hotel-dutch-bungalow/facilities/facilities.html]
[www.abadhotels.com/m/fort-kochi-hotel-dutch-bungalow/contact-us/contact-us.html]
[www.abadhotels.com/m/fort-kochi-hotel-dutch-bungalow/gallery.html]
[www.abadhotels.com/m/fort-kochi-hotel-dutch-bungalow/gallery5835.html]
[www.abadhotels.com/m/fort-kochi-hotel-dutch-bungalow/gallery25a6.html]
[www.abadhotels.com/m/fort-kochi-hotel-dutch-bungalow/gallerybe63.html]
[www.abadhotels.com/m/fort-kochi-hotel-dutch-bungalow/galleryf7a7.html]
[www.abadhotels.com/m/fort-kochi-hotel-dutch-bungalow/galleryf7f5.html]
[www.abadhotels.com/m/fort-kochi-hotel-dutch-bungalow/places-of-interest.html]
[www.abadhotels.com/m/fort-kochi-hotel-dutch-bungalow/experiences/experiences.html]
[www.abadhotels.com/m/pepperroute/rooms/deluxe-room.html]
[www.abadhotels.com/m/pepperroute/facilities/facilities.html]
[www.abadhotels.com/m/pepperroute/gallery.html]
[www.abadhotels.com/m/pepperroute/gallery5835.html]
[www.abadhotels.com/m/pepperroute/galleryed7e.html]
[www.abadhotels.com/m/pepperroute/gallery25a6.html]
[www.abadhotels.com/m/pepperroute/gallerybe63.html]
[www.abadhotels.com/m/pepperroute/galleryf7a7.html]
[www.abadhotels.com/m/pepperroute/galleryf7f5.html]
[www.abadhotels.com/m/pepperroute/places-of-interest.html]
[www.abadhotels.com/m/pepperroute/contact-us/contact-us.html]
[www.abadhotels.com/m/abadmetro/rooms.html]
[www.abadhotels.com/m/abadmetro/rooms/standard-rooms.html]
[www.abadhotels.com/m/abadmetro/rooms/deluxe-room.html]
[www.abadhotels.com/m/abadmetro/rooms/suites.html]
[www.abadhotels.com/m/abadmetro/meetings-events/summit-banquet-hall.html]
[www.abadhotels.com/m/abadmetro/facilities/facilities.html]
[www.abadhotels.com/m/abadmetro/gallery.html]
[www.abadhotels.com/m/abadmetro/gallery5835.html]
[www.abadhotels.com/m/abadmetro/gallery25a6.html]
[www.abadhotels.com/m/abadmetro/gallerybe63.html]
[www.abadhotels.com/m/abadmetro/galleryf7a7.html]
[www.abadhotels.com/m/abadmetro/galleryf7f5.html]
[www.abadhotels.com/m/abadmetro/places-of-interest.html]
[www.abadhotels.com/m/abadmetro/contact-us/contact-us.html]
[www.abadhotels.com/m/hotel-in-mg-road-kochi/rooms.html]
[www.abadhotels.com/m/hotel-in-mg-road-kochi/rooms/superior-rooms.html]
[www.abadhotels.com/m/hotel-in-mg-road-kochi/rooms/suites.html]
[www.abadhotels.com/m/hotel-in-mg-road-kochi/dining/cafe-royale.html]
[www.abadhotels.com/m/hotel-in-mg-road-kochi/meetings-events.html]
[www.abadhotels.com/m/hotel-in-mg-road-kochi/meetings-events/the-event.html]
[www.abadhotels.com/m/hotel-in-mg-road-kochi/meetings-events/forum-banquet-hall.html]
[www.abadhotels.com/m/hotel-in-mg-road-kochi/spa/revival-ayurveda-centre.html]
[www.abadhotels.com/m/hotel-in-mg-road-kochi/facilities/facilities.html]
[www.abadhotels.com/m/hotel-in-mg-road-kochi/gallery.html]
[www.abadhotels.com/m/hotel-in-mg-road-kochi/gallery5835.html]
[www.abadhotels.com/m/hotel-in-mg-road-kochi/galleryed7e.html]
[www.abadhotels.com/m/hotel-in-mg-road-kochi/gallery25a6.html]
[www.abadhotels.com/m/hotel-in-mg-road-kochi/gallerybe63.html]
[www.abadhotels.com/m/hotel-in-mg-road-kochi/galleryf7a7.html]
[www.abadhotels.com/m/hotel-in-mg-road-kochi/places-of-interest.html]
[www.abadhotels.com/m/hotel-in-mg-road-kochi/contact-us/contact-us.html]
[www.abadhotels.com/m/hotel-in-kochi/rooms.html]
[www.abadhotels.com/m/hotel-in-kochi/rooms/superior-rooms.html]
[www.abadhotels.com/m/hotel-in-kochi/rooms/suites.html]
[www.abadhotels.com/m/hotel-in-kochi/dining.html]
[www.abadhotels.com/m/hotel-in-kochi/dining/regency-restaurant.html]
[www.abadhotels.com/m/hotel-in-kochi/dining/kadaloram-restaurant.html]
[www.abadhotels.com/m/hotel-in-kochi/dining/canopy-cafe.html]
[www.abadhotels.com/m/hotel-in-kochi/dining/patisserie.html]
[www.abadhotels.com/m/hotel-in-kochi/meetings-events.html]
[www.abadhotels.com/m/hotel-in-kochi/meetings-events/grand-ball-room.html]
[www.abadhotels.com/m/hotel-in-kochi/meetings-events/vantage-point.html]
[www.abadhotels.com/m/hotel-in-kochi/meetings-events/inner-circle.html]
[www.abadhotels.com/m/hotel-in-kochi/meetings-events/imperial.html]
[www.abadhotels.com/m/hotel-in-kochi/meetings-events/garden-court-1.html]
[www.abadhotels.com/m/hotel-in-kochi/meetings-events/garden-court--2.html]
[www.abadhotels.com/m/hotel-in-kochi/meetings-events/rendezvous.html]
[www.abadhotels.com/m/hotel-in-kochi/meetings-events/galleria-exhibition-hall.html]
[www.abadhotels.com/m/hotel-in-kochi/spa/revival-ayurveda-centre.html]
[www.abadhotels.com/m/hotel-in-kochi/facilities/facilities.html]
[www.abadhotels.com/m/hotel-in-kochi/gallery.html]
[www.abadhotels.com/m/hotel-in-kochi/gallery5835.html]
[www.abadhotels.com/m/hotel-in-kochi/galleryed7e.html]
[www.abadhotels.com/m/hotel-in-kochi/gallery25a6.html]
[www.abadhotels.com/m/hotel-in-kochi/gallerybe63.html]
[www.abadhotels.com/m/hotel-in-kochi/galleryf7a7.html]
[www.abadhotels.com/m/hotel-in-kochi/galleryf7f5.html]
[www.abadhotels.com/m/hotel-in-kochi/places-of-interest.html]
[www.abadhotels.com/m/hotel-in-kochi/contact-us/contact-us.html]
[www.abadhotels.com/m/hotel-in-kochi/blogs/staycation-at-abad-plaza-in-kochi.html]
[cdn.simplotel.com/static-sites/production/live/6C6B43974298C789/m/css/simp.min.baa91a760ec7e00418cfeebc3e83f937.css]
[cdn.simplotel.com/static-sites/production/live/6C6B43974298C789/m/css/custom-plugins.685d0339e37b0c0eb53e145d7fe5757c.css]
[www.abadhotels.com/m/hotelabad/rooms.html]
[www.abadhotels.com/m/hotelabad/rooms/deluxe-ac-room.html]
[www.abadhotels.com/m/hotelabad/rooms/deluxe-non-ac-room.html]
[www.abadhotels.com/m/hotelabad/rooms/suites.html]
[www.abadhotels.com/m/hotelabad/dining.html]
[www.abadhotels.com/m/hotelabad/dining/pavilion-restaurant.html]
[www.abadhotels.com/m/hotelabad/dining/cafe-mattancherry.html]
[www.abadhotels.com/m/hotelabad/meetings-events.html]
[www.abadhotels.com/m/hotelabad/meetings-events/banquet-hall.html]
[www.abadhotels.com/m/hotelabad/meetings-events/boardroom.html]
[www.abadhotels.com/m/hotelabad/facilities/facilities.html]
[www.abadhotels.com/m/hotelabad/places-of-interest.html]
[www.abadhotels.com/m/hotelabad/contact-us/contact-us.html]
[www.abadhotels.com/m/hotelabad/gallery.html]
[www.abadhotels.com/m/hotelabad/gallery5835.html]
[www.abadhotels.com/m/hotelabad/galleryed7e.html]
[www.abadhotels.com/m/hotelabad/gallery25a6.html]
[www.abadhotels.com/m/hotelabad/gallerybe63.html]
[www.abadhotels.com/m/hotelabad/galleryf7f5.html]
[www.abadhotels.com/m/hotelabad/blogs.html]
[www.abadhotels.com/m/hotelabad/blogs/explore-the-flavours-of-kerala.html]
[www.abadhotels.com/m/kovalam-guest-house/rooms.html]
[www.abadhotels.com/m/kovalam-guest-house/rooms/deluxe-room.html]
[www.abadhotels.com/m/kovalam-guest-house/rooms/superior-room.html]
[www.abadhotels.com/m/kovalam-guest-house/facilities/facilities.html]
[www.abadhotels.com/m/kovalam-guest-house/gallery.html]
[www.abadhotels.com/m/kovalam-guest-house/gallery5835.html]
[www.abadhotels.com/m/kovalam-guest-house/galleryed7e.html]
[www.abadhotels.com/m/kovalam-guest-house/gallery25a6.html]
[www.abadhotels.com/m/kovalam-guest-house/gallerybe63.html]
[www.abadhotels.com/m/kovalam-guest-house/galleryf7a7.html]
[www.abadhotels.com/m/kovalam-guest-house/galleryf7f5.html]
[www.abadhotels.com/m/kovalam-guest-house/places-of-interest.html]
[www.abadhotels.com/m/kovalam-guest-house/contact-us/contact-us.html]
[www.abadhotels.com/m/kovalam-guest-house/experiences/experiences.html]
[www.abadhotels.com/m/hotels-in-kovalam/rooms.html]
[www.abadhotels.com/m/hotels-in-kovalam/rooms/superior-room.html]
[www.abadhotels.com/m/hotels-in-kovalam/rooms/cottage.html]
[www.abadhotels.com/m/hotels-in-kovalam/dining/multi-cuisine-restaurant.html]
[www.abadhotels.com/m/hotels-in-kovalam/meeting-and-events/banquet-hall.html]
[www.abadhotels.com/m/hotels-in-kovalam/facilities/facilities.html]
[www.abadhotels.com/m/hotels-in-kovalam/experiences/experiences.html]
[www.abadhotels.com/m/hotels-in-kovalam/spa/ayurveda-revival-centre.html]
[www.abadhotels.com/m/hotels-in-kovalam/gallery.html]
[www.abadhotels.com/m/hotels-in-kovalam/gallery5835.html]
[www.abadhotels.com/m/hotels-in-kovalam/galleryed7e.html]
[www.abadhotels.com/m/hotels-in-kovalam/gallery25a6.html]
[www.abadhotels.com/m/hotels-in-kovalam/gallerybe63.html]
[www.abadhotels.com/m/hotels-in-kovalam/galleryf7a7.html]
[www.abadhotels.com/m/hotels-in-kovalam/galleryf7f5.html]
[www.abadhotels.com/m/hotels-in-kovalam/places-of-interest.html]
[www.abadhotels.com/m/hotels-in-kovalam/contact-us/contact-us.html]
[www.abadhotels.com/m/marari-beach-resorts/rooms/beach-cottage.html]
[www.abadhotels.com/m/marari-beach-resorts/dining/multi-cuisine-restaurant.html]
[www.abadhotels.com/m/marari-beach-resorts/meeting-and-events/banquet-hall.html]
[www.abadhotels.com/m/marari-beach-resorts/spa/revival-ayurveda-centre.html]
[www.abadhotels.com/m/marari-beach-resorts/facilities/facilities.html]
[www.abadhotels.com/m/marari-beach-resorts/gallery.html]
[www.abadhotels.com/m/marari-beach-resorts/gallery5835.html]
[www.abadhotels.com/m/marari-beach-resorts/galleryed7e.html]
[www.abadhotels.com/m/marari-beach-resorts/gallery25a6.html]
[www.abadhotels.com/m/marari-beach-resorts/gallerybe63.html]
[www.abadhotels.com/m/marari-beach-resorts/galleryf7a7.html]
[www.abadhotels.com/m/marari-beach-resorts/galleryf7f5.html]
[www.abadhotels.com/m/marari-beach-resorts/gallery2e44.html]
[www.abadhotels.com/m/marari-beach-resorts/gallerycf4a.html]
[www.abadhotels.com/m/marari-beach-resorts/gallery50d2.html]
[www.abadhotels.com/m/marari-beach-resorts/galleryeacc.html]
[www.abadhotels.com/m/marari-beach-resorts/places-of-interest.html]
[www.abadhotels.com/m/marari-beach-resorts/contact-us/contact-us.html]
[www.abadhotels.com/m/marari-beach-resorts/experiences/experiences.html]
[www.abadhotels.com/m/resorts-in-munnar/rooms/superior-room.html]
[www.abadhotels.com/m/resorts-in-munnar/rooms/balcony-view-rooms.html]
[www.abadhotels.com/m/resorts-in-munnar/dining/copper-castle-restaurant.html]
[www.abadhotels.com/m/resorts-in-munnar/meetings-events/copper-castle-banquet-hall.html]
[www.abadhotels.com/m/resorts-in-munnar/spa/revival-ayurveda-centre.html]
[www.abadhotels.com/m/resorts-in-munnar/facilities/facilities.html]
[www.abadhotels.com/m/resorts-in-munnar/gallery.html]
[www.abadhotels.com/m/resorts-in-munnar/gallery5835.html]
[www.abadhotels.com/m/resorts-in-munnar/galleryed7e.html]
[www.abadhotels.com/m/resorts-in-munnar/gallery25a6.html]
[www.abadhotels.com/m/resorts-in-munnar/gallerybe63.html]
[www.abadhotels.com/m/resorts-in-munnar/galleryf7a7.html]
[www.abadhotels.com/m/resorts-in-munnar/places-of-interest.html]
[www.abadhotels.com/m/resorts-in-munnar/contact-us/contact-us.html]
[www.abadhotels.com/m/resorts-in-munnar/experiences/experiences-at-abad-copper-castle-munnar.html]
[www.abadhotels.com/m/resorts-in-munnar/blog.html]
[www.abadhotels.com/m/resorts-in-munnar/blog/the-beauty-that-is-munnar.html]
[www.abadhotels.com/m/resorts-in-munnar/blog/a-day-in-munnar.html]
[www.abadhotels.com/m/luxury-resort-in-kumarakom/rooms.html]
[www.abadhotels.com/m/luxury-resort-in-kumarakom/rooms/garden-view-cottage.html]
[www.abadhotels.com/m/luxury-resort-in-kumarakom/rooms/lake-facing-cottage.html]
[www.abadhotels.com/m/luxury-resort-in-kumarakom/rooms/bamboo-pool-villa.html]
[www.abadhotels.com/m/luxury-resort-in-kumarakom/dining/granary---multi-cuisine-restaurant.html]
[www.abadhotels.com/m/luxury-resort-in-kumarakom/meetings-events/vedhi-banquet-hall.html]
[www.abadhotels.com/m/luxury-resort-in-kumarakom/facilities/facilities.html]
[www.abadhotels.com/m/luxury-resort-in-kumarakom/spa/revival-ayurvedic-centre.html]
[www.abadhotels.com/m/luxury-resort-in-kumarakom/experiences/experiences.html]
[www.abadhotels.com/m/luxury-resort-in-kumarakom/gallery.html]
[www.abadhotels.com/m/luxury-resort-in-kumarakom/gallery5835.html]
[www.abadhotels.com/m/luxury-resort-in-kumarakom/galleryed7e.html]
[www.abadhotels.com/m/luxury-resort-in-kumarakom/gallery25a6.html]
[www.abadhotels.com/m/luxury-resort-in-kumarakom/gallerybe63.html]
[www.abadhotels.com/m/luxury-resort-in-kumarakom/galleryf7a7.html]
[www.abadhotels.com/m/luxury-resort-in-kumarakom/galleryf7f5.html]
[www.abadhotels.com/m/luxury-resort-in-kumarakom/gallery2e44.html]
[www.abadhotels.com/m/luxury-resort-in-kumarakom/contact-us/contact-us.html]
[www.abadhotels.com/m/luxury-resort-in-kumarakom/places-of-interest.html]
[www.abadhotels.com/m/luxury-resort-in-kumarakom/blogs/make-memories-in-the-houseboats-in-kumarakom-backwater.html]
[www.abadhotels.com/m/resorts-in-thekkady/rooms.html]
[www.abadhotels.com/m/resorts-in-thekkady/rooms/jungle-rooms.html]
[www.abadhotels.com/m/resorts-in-thekkady/rooms/jungle-cottages.html]
[www.abadhotels.com/m/resorts-in-thekkady/dining/peppermint-restaurant.html]
[www.abadhotels.com/m/resorts-in-thekkady/meetings-events/banquet-hall.html]
[www.abadhotels.com/m/resorts-in-thekkady/spa/revival-ayurveda-centre.html]
[www.abadhotels.com/m/resorts-in-thekkady/facilities/facilities.html]
[www.abadhotels.com/m/resorts-in-thekkady/gallery.html]
[www.abadhotels.com/m/resorts-in-thekkady/gallery5835.html]
[www.abadhotels.com/m/resorts-in-thekkady/galleryed7e.html]
[www.abadhotels.com/m/resorts-in-thekkady/gallery25a6.html]
[www.abadhotels.com/m/resorts-in-thekkady/gallerybe63.html]
[www.abadhotels.com/m/resorts-in-thekkady/contact-us/contact-us.html]
[www.abadhotels.com/m/resorts-in-thekkady/places-of-interest.html]
[www.abadhotels.com/m/resorts-in-thekkady/experiences/experiences.html]
[www.abadhotels.com/m/resorts-in-thekkady/blogs/things-to-do-in-thekkady.html]
[cdn.simplotel.com/static-sites/production/live/6C6B43974298C789/m/css/simp.min.c8751908c698968298915765579d96c5.css]
[cdn.simplotel.com/static-sites/production/live/6C6B43974298C789/m/css/custom-plugins.1ff09afc731676ec9eb0615c3a11717d.css]
[www.abadhotels.com/m/resorts-in-wayanad/rooms.html]
[www.abadhotels.com/m/resorts-in-wayanad/rooms/garden-facing-cottages.html]
[www.abadhotels.com/m/resorts-in-wayanad/rooms/brookside-cottages.html]
[www.abadhotels.com/m/resorts-in-wayanad/rooms/private-pool-villa.html]
[www.abadhotels.com/m/resorts-in-wayanad/dining/restaurant.html]
[www.abadhotels.com/m/resorts-in-wayanad/meeting-and-events/meeting-and-events.html]
[www.abadhotels.com/m/resorts-in-wayanad/facilities/facilities.html]
[www.abadhotels.com/m/resorts-in-wayanad/gallery.html]
[www.abadhotels.com/m/resorts-in-wayanad/gallery5835.html]
[www.abadhotels.com/m/resorts-in-wayanad/galleryed7e.html]
[www.abadhotels.com/m/resorts-in-wayanad/gallery25a6.html]
[www.abadhotels.com/m/resorts-in-wayanad/gallerybe63.html]
[www.abadhotels.com/m/resorts-in-wayanad/galleryf7a7.html]
[www.abadhotels.com/m/resorts-in-wayanad/galleryf7f5.html]
[www.abadhotels.com/m/resorts-in-wayanad/gallerycf4a.html]
[www.abadhotels.com/m/resorts-in-wayanad/places-of-interest.html]
[www.abadhotels.com/m/resorts-in-wayanad/contact-us/contact-us.html]
[www.abadhotels.com/m/resorts-in-wayanad/experiences/experiences.html]
[www.abadhotels.com/m/resorts-in-wayanad/blogs/things-to-do-in-wayanad.html]
[www.abadhotels.com/m/plantation-resorts-in-wayanad/rooms.html]
[www.abadhotels.com/m/plantation-resorts-in-wayanad/rooms/estate-heritage-bungalow.html]
[www.abadhotels.com/m/plantation-resorts-in-wayanad/rooms/estate-boutique-bungalow.html]
[www.abadhotels.com/m/plantation-resorts-in-wayanad/dining/multicuisine-restaurant.html]
[www.abadhotels.com/m/plantation-resorts-in-wayanad/facilities/facilities.html]
[www.abadhotels.com/m/plantation-resorts-in-wayanad/gallery.html]
[www.abadhotels.com/m/plantation-resorts-in-wayanad/gallery5835.html]
[www.abadhotels.com/m/plantation-resorts-in-wayanad/galleryed7e.html]
[www.abadhotels.com/m/plantation-resorts-in-wayanad/gallerybe63.html]
[www.abadhotels.com/m/plantation-resorts-in-wayanad/galleryf7a7.html]
[www.abadhotels.com/m/plantation-resorts-in-wayanad/galleryf7f5.html]
[www.abadhotels.com/m/plantation-resorts-in-wayanad/gallery2e44.html]
[www.abadhotels.com/m/plantation-resorts-in-wayanad/places-of-interest.html]
[www.abadhotels.com/m/plantation-resorts-in-wayanad/contact-us/contact-us.html]
[www.abadhotels.com/m/plantation-resorts-in-wayanad/experiences/experiences-at-parisons-plantation-experiences.html]
[www.abadhotels.com/kerala-houseboats/contact-us/contact-us.html]
[www.abadhotels.com/resorts-in-thekkady/meetings-events/banquet-hall.html]
[www.abadhotels.com/ayurveda/None]
[www.abadhotels.com/m/pay-us/pay-us.html]
[www.abadhotels.com/m/kerala-houseboats/pay-us/pay-us.html]
[www.abadhotels.com/m/abadmetro/None]
[www.abadhotels.com/m/hotel-in-mg-road-kochi/dining/cafe-royale.html]
[www.abadhotels.com/m/resorts-in-munnar/blog.html]
[www.abadhotels.com/m/luxury-resort-in-kumarakom/None]
[www.abadhotels.com/m/contact-us/None]
[www.abadhotels.com/m/blogs/None]
[www.abadhotels.com/kerala-houseboats/facilities/None]
